MPLINK 5.00, LINKER
Linker Map File - Created Sat Apr 15 11:34:25 2023

                                 Section Info
                  Section       Type    Address   Location Size(Bytes)
                ---------  ---------  ---------  ---------  ---------
               _entry_scn       code   0x000000    program   0x000006
           .code___init.o       code   0x000006    program   0x000002
      InterruptVectorHigh       code   0x000008    program   0x000006
           .romdata_i2c.o    romdata   0x00000e    program   0x000000
           .romdata_lcd.o    romdata   0x00000e    program   0x000000
           .romdata_adc.o    romdata   0x00000e    program   0x000000
         .romdata_timer.o    romdata   0x00000e    program   0x000000
           .romdata_pwm.o    romdata   0x00000e    program   0x000000
     .romdata_interrupt.o    romdata   0x00000e    program   0x000000
.romdata_simulate_machine.o    romdata   0x00000e    program   0x000000
        .romdata_button.o    romdata   0x00000e    program   0x000000
       .romdata_led7seg.o    romdata   0x00000e    program   0x000000
   .idata_traffic_led.o_i    romdata   0x00000e    program   0x000001
   .romdata_traffic_led.o    romdata   0x00000e    program   0x000000
      .romdata_fxd0808u.o    romdata   0x00000e    program   0x000000
      .romdata_fxd1616u.o    romdata   0x00000e    program   0x000000
      .romdata_fxd2424u.o    romdata   0x00000e    program   0x000000
         .romdata_c018i.o    romdata   0x00000e    program   0x000000
      .romdata_fxd3232u.o    romdata   0x00000e    program   0x000000
       .romdata_fxm3232.o    romdata   0x00000e    program   0x000000
          .romdata_main.o    romdata   0x00000e    program   0x000000
          .idata_uart.o_i    romdata   0x00000e    program   0x000000
        .romdata___init.o    romdata   0x00000e    program   0x000000
          .romdata_uart.o    romdata   0x00000e    program   0x000000
           .idata_pwm.o_i    romdata   0x00000f    program   0x000001
       .idata_led7seg.o_i    romdata   0x000010    program   0x000000
     .idata_interrupt.o_i    romdata   0x000010    program   0x000004
         .idata_c018i.o_i    romdata   0x000014    program   0x000000
           .idata_adc.o_i    romdata   0x000014    program   0x000000
            .code_c018i.o       code   0x000014    program   0x000000
        .idata___init.o_i    romdata   0x000014    program   0x000000
       .idata_fxm3232.o_i    romdata   0x000014    program   0x000000
      .idata_fxd0808u.o_i    romdata   0x000014    program   0x000000
      .idata_fxd3232u.o_i    romdata   0x000014    program   0x000000
      .idata_fxd1616u.o_i    romdata   0x000014    program   0x000000
      .idata_fxd2424u.o_i    romdata   0x000014    program   0x000000
       InterruptVectorLow       code   0x000018    program   0x000006
                   .cinit    romdata   0x00001e    program   0x00006e
              .code_lcd.o       code   0x00008c    program   0x000e40
            .code_timer.o       code   0x000ecc    program   0x00055a
          .code_led7seg.o       code   0x001426    program   0x000488
             .code_uart.o       code   0x0018ae    program   0x00046a
             .code_main.o       code   0x001d18    program   0x000460
              .code_i2c.o       code   0x002178    program   0x000340
           .code_button.o       code   0x0024b8    program   0x0002da
      .code_traffic_led.o       code   0x002792    program   0x000284
        .code_interrupt.o       code   0x002a16    program   0x0001f4
                     PROG       code   0x002c0a    program   0x0000a6
               _cinit_scn       code   0x002cb0    program   0x00009e
              .code_adc.o       code   0x002d4e    program   0x000090
 .code_simulate_machine.o       code   0x002dde    program   0x000086
          .code_fxm3232.o       code   0x002e64    program   0x000070
             .stringtable    romdata   0x002ed4    program   0x00006c
         .code_fxd3232u.o       code   0x002f40    program   0x000048
         .code_fxd2424u.o       code   0x002f88    program   0x00003a
              .code_pwm.o       code   0x002fc2    program   0x000038
         .code_fxd1616u.o       code   0x002ffa    program   0x00002c
                    .code       code   0x003026    program   0x000020
             _startup_scn       code   0x003046    program   0x00001c
         .code_fxd0808u.o       code   0x003062    program   0x00001c
         .idata_timer.o_i    romdata   0x00307e    program   0x000020
.idata_simulate_machine.o_i    romdata   0x00309e    program   0x00000c
          .idata_main.o_i    romdata   0x0030aa    program   0x000035
           .idata_lcd.o_i    romdata   0x0030df    program   0x000061
           .idata_i2c.o_i    romdata   0x003140    program   0x00001b
        .idata_button.o_i    romdata   0x00315b    program   0x000029
    .config_300001_main.o    romdata   0x300001    program   0x000001
    .config_300002_main.o    romdata   0x300002    program   0x000001
    .config_300003_main.o    romdata   0x300003    program   0x000001
    .config_300005_main.o    romdata   0x300005    program   0x000001
    .config_300006_main.o    romdata   0x300006    program   0x000001
    .config_300008_main.o    romdata   0x300008    program   0x000001
    .config_300009_main.o    romdata   0x300009    program   0x000001
    .config_30000a_main.o    romdata   0x30000a    program   0x000001
    .config_30000b_main.o    romdata   0x30000b    program   0x000001
    .config_30000c_main.o    romdata   0x30000c    program   0x000001
    .config_30000d_main.o    romdata   0x30000d    program   0x000001
                MATH_DATA      udata   0x000000       data   0x000010
                 .tmpdata      udata   0x000010       data   0x00000a
.udata_simulate_machine.o      udata   0x000080       data   0x000065
             .idata_i2c.o      idata   0x0000e5       data   0x00001b
            .idata_main.o      idata   0x000100       data   0x000035
          .idata_button.o      idata   0x000135       data   0x000029
           .idata_timer.o      idata   0x00015e       data   0x000020
.idata_simulate_machine.o      idata   0x00017e       data   0x00000c
           .udata_c018i.o      udata   0x00018a       data   0x00000a
       .idata_interrupt.o      idata   0x000194       data   0x000004
             .udata_i2c.o      udata   0x000198       data   0x000001
     .idata_traffic_led.o      idata   0x000199       data   0x000001
             .idata_pwm.o      idata   0x00019a       data   0x000001
          .idata___init.o      idata   0x00019b       data   0x000000
          .udata___init.o      udata   0x00019b       data   0x000000
         .idata_fxm3232.o      idata   0x00019b       data   0x000000
         .udata_fxm3232.o      udata   0x00019b       data   0x000000
        .idata_fxd3232u.o      idata   0x00019b       data   0x000000
        .udata_fxd3232u.o      udata   0x00019b       data   0x000000
        .idata_fxd2424u.o      idata   0x00019b       data   0x000000
        .udata_fxd2424u.o      udata   0x00019b       data   0x000000
        .idata_fxd1616u.o      idata   0x00019b       data   0x000000
        .udata_fxd1616u.o      udata   0x00019b       data   0x000000
        .idata_fxd0808u.o      idata   0x00019b       data   0x000000
        .udata_fxd0808u.o      udata   0x00019b       data   0x000000
           .idata_c018i.o      idata   0x00019b       data   0x000000
     .udata_traffic_led.o      udata   0x00019b       data   0x000000
         .idata_led7seg.o      idata   0x00019b       data   0x000000
         .udata_led7seg.o      udata   0x00019b       data   0x000000
            .udata_uart.o      udata   0x00019b       data   0x000000
            .idata_uart.o      idata   0x00019b       data   0x000000
            .udata_main.o      udata   0x00019b       data   0x000000
             .idata_adc.o      idata   0x00019b       data   0x000000
          .udata_button.o      udata   0x00019b       data   0x000000
       .udata_interrupt.o      udata   0x00019b       data   0x000000
           .udata_timer.o      udata   0x00019b       data   0x000000
                   .stack      udata   0x000e00       data   0x000100
             .idata_lcd.o      idata   0x000f00       data   0x000061
             .udata_adc.o      udata   0x000f61       data   0x00001a
             .udata_lcd.o      udata   0x000f7b       data   0x000004
             .udata_pwm.o      udata   0x000f7f       data   0x000001
            SFR_UNBANKED0      udata   0x000f80       data   0x000080



                              Program Memory Usage 
                               Start         End      
                           ---------   ---------      
                            0x000000    0x000013      
                            0x000018    0x003183      
                            0x300001    0x300003      
                            0x300005    0x300006      
                            0x300008    0x30000d      
            12683 out of 66584 program addresses used, program memory utilization is 19%



                              Symbols - Sorted by Name
                     Name    Address   Location    Storage File                     
                ---------  ---------  ---------  --------- ---------                
                  BCD2Dec   0x002178    program     extern C:\Hoc tap\HK221\DA TKLL\DA_TKLL\ProjectTKLL\i2c\i2c.c
                   D1616S   0x002c2c    program     static E:\3.46\pic18-lt\cxx-framework\src\traditional\math\fxd1616s.asm
                D1616SNEG   0x002c3a    program     static E:\3.46\pic18-lt\cxx-framework\src\traditional\math\fxd1616s.asm
                 D1616SOK   0x002c36    program     static E:\3.46\pic18-lt\cxx-framework\src\traditional\math\fxd1616s.asm
                  D1616SX   0x002c4c    program     static E:\3.46\pic18-lt\cxx-framework\src\traditional\math\fxd1616s.asm
                   D2424S   0x002c80    program     static E:\3.46\pic18-lt\cxx-framework\src\traditional\math\fxd2424s.asm
                D2424SNEG   0x002c8e    program     static E:\3.46\pic18-lt\cxx-framework\src\traditional\math\fxd2424s.asm
                 D2424SOK   0x002c8a    program     static E:\3.46\pic18-lt\cxx-framework\src\traditional\math\fxd2424s.asm
                  D2424SX   0x002ca6    program     static E:\3.46\pic18-lt\cxx-framework\src\traditional\math\fxd2424s.asm
                  DA1616S   0x002c1c    program     static E:\3.46\pic18-lt\cxx-framework\src\traditional\math\fxd1616s.asm
                  DA2424S   0x002c6c    program     static E:\3.46\pic18-lt\cxx-framework\src\traditional\math\fxd2424s.asm
                  Dec2BCD   0x0021b6    program     extern C:\Hoc tap\HK221\DA TKLL\DA_TKLL\ProjectTKLL\i2c\i2c.c
         DisplayLcdScreen   0x0009cc    program     extern C:\Hoc tap\HK221\DA TKLL\DA_TKLL\ProjectTKLL\lcd\lcd.c
        DisplayLcdScreen2   0x000ac4    program     extern C:\Hoc tap\HK221\DA TKLL\DA_TKLL\ProjectTKLL\lcd\lcd.c
      DisplayLcdScreenOld   0x000b4a    program     extern C:\Hoc tap\HK221\DA TKLL\DA_TKLL\ProjectTKLL\lcd\lcd.c
                 FXD0808U   0x003062    program     extern E:\3.46\pic18-lt\cxx-framework\src\traditional\math\fxd0808u.c
                 FXD1616S   0x002c0a    program     extern E:\3.46\pic18-lt\cxx-framework\src\traditional\math\fxd1616s.asm
                 FXD1616U   0x002ffa    program     extern E:\3.46\pic18-lt\cxx-framework\src\traditional\math\fxd1616u.c
                 FXD2424S   0x002c56    program     extern E:\3.46\pic18-lt\cxx-framework\src\traditional\math\fxd2424s.asm
                 FXD2424U   0x002f88    program     extern E:\3.46\pic18-lt\cxx-framework\src\traditional\math\fxd2424u.c
                 FXD3232U   0x002f40    program     extern E:\3.46\pic18-lt\cxx-framework\src\traditional\math\fxd3232u.c
                  FXM3232   0x002e64    program     extern E:\3.46\pic18-lt\cxx-framework\src\traditional\math\fxm3232.c
      InterruptVectorHigh   0x000008    program     extern C:\Hoc tap\HK221\DA TKLL\DA_TKLL\ProjectTKLL\interrupt\interrupt.c
       InterruptVectorLow   0x000018    program     extern C:\Hoc tap\HK221\DA TKLL\DA_TKLL\ProjectTKLL\interrupt\interrupt.c
                LcdClearS   0x00096e    program     extern C:\Hoc tap\HK221\DA TKLL\DA_TKLL\ProjectTKLL\lcd\lcd.c
            LcdPrintCharS   0x000bb4    program     extern C:\Hoc tap\HK221\DA TKLL\DA_TKLL\ProjectTKLL\lcd\lcd.c
              LcdPrintNum   0x0008ac    program     extern C:\Hoc tap\HK221\DA TKLL\DA_TKLL\ProjectTKLL\lcd\lcd.c
             LcdPrintNumS   0x000c28    program     extern C:\Hoc tap\HK221\DA TKLL\DA_TKLL\ProjectTKLL\lcd\lcd.c
           LcdPrintString   0x0008f4    program     extern C:\Hoc tap\HK221\DA TKLL\DA_TKLL\ProjectTKLL\lcd\lcd.c
          LcdPrintStringS   0x000e76    program     extern C:\Hoc tap\HK221\DA TKLL\DA_TKLL\ProjectTKLL\lcd\lcd.c
             SetTimer0_ms   0x001348    program     extern C:\Hoc tap\HK221\DA TKLL\DA_TKLL\ProjectTKLL\timer\timer.c
             SetTimer1_ms   0x00136c    program     extern C:\Hoc tap\HK221\DA TKLL\DA_TKLL\ProjectTKLL\timer\timer.c
             SetTimer2_ms   0x0013aa    program     extern C:\Hoc tap\HK221\DA TKLL\DA_TKLL\ProjectTKLL\timer\timer.c
             SetTimer3_ms   0x0013e8    program     extern C:\Hoc tap\HK221\DA TKLL\DA_TKLL\ProjectTKLL\timer\timer.c
         SimulatedataSend   0x002e62    program     extern C:\Hoc tap\HK221\DA TKLL\DA_TKLL\ProjectTKLL\simulate_machine\simulate_machine.c
   UartDataReceiveProcess   0x001e62    program     extern C:\Hoc tap\HK221\DA TKLL\DA_TKLL\ProjectTKLL\main.c
              UartSendNum   0x001ade    program     extern C:\Hoc tap\HK221\DA TKLL\DA_TKLL\ProjectTKLL\uart\uart.c
           UartSendString   0x0019b0    program     extern C:\Hoc tap\HK221\DA TKLL\DA_TKLL\ProjectTKLL\uart\uart.c
       ___return_lbl00000   0x003024    program     static                          
       ___return_lbl00000   0x002fc0    program     static                          
       ___return_lbl00000   0x002f86    program     static                          
       ___return_lbl00000   0x000004    program     static                          
       ___return_lbl00000   0x00307c    program     static                          
       ___return_lbl00000   0x002ed2    program     static                          
       ___return_lbl00001   0x003060    program     static                          
       ___return_lbl00002   0x00001c    program     static                          
       ___return_lbl00002   0x002d4c    program     static                          
       ___return_lbl00003   0x00000c    program     static                          
               __config_0   0x300001    program     static C:\Hoc tap\HK221\DA TKLL\DA_TKLL\ProjectTKLL\main.c
               __config_1   0x300002    program     static C:\Hoc tap\HK221\DA TKLL\DA_TKLL\ProjectTKLL\main.c
              __config_10   0x30000d    program     static C:\Hoc tap\HK221\DA TKLL\DA_TKLL\ProjectTKLL\main.c
               __config_2   0x300003    program     static C:\Hoc tap\HK221\DA TKLL\DA_TKLL\ProjectTKLL\main.c
               __config_3   0x300005    program     static C:\Hoc tap\HK221\DA TKLL\DA_TKLL\ProjectTKLL\main.c
               __config_4   0x300006    program     static C:\Hoc tap\HK221\DA TKLL\DA_TKLL\ProjectTKLL\main.c
               __config_5   0x300008    program     static C:\Hoc tap\HK221\DA TKLL\DA_TKLL\ProjectTKLL\main.c
               __config_6   0x300009    program     static C:\Hoc tap\HK221\DA TKLL\DA_TKLL\ProjectTKLL\main.c
               __config_7   0x30000a    program     static C:\Hoc tap\HK221\DA TKLL\DA_TKLL\ProjectTKLL\main.c
               __config_8   0x30000b    program     static C:\Hoc tap\HK221\DA TKLL\DA_TKLL\ProjectTKLL\main.c
               __config_9   0x30000c    program     static C:\Hoc tap\HK221\DA TKLL\DA_TKLL\ProjectTKLL\main.c
                   __init   0x000006    program     extern E:\3.46\pic18-lt\cxx-framework\src\traditional\stdclib\__init.c
               __string_0   0x002f21    program     static C:\Hoc tap\HK221\DA TKLL\DA_TKLL\ProjectTKLL\main.c
               __string_1   0x002f1b    program     static C:\Hoc tap\HK221\DA TKLL\DA_TKLL\ProjectTKLL\main.c
               __string_2   0x002f18    program     static C:\Hoc tap\HK221\DA TKLL\DA_TKLL\ProjectTKLL\main.c
               __string_3   0x002f12    program     static C:\Hoc tap\HK221\DA TKLL\DA_TKLL\ProjectTKLL\main.c
               __string_4   0x002f0c    program     static C:\Hoc tap\HK221\DA TKLL\DA_TKLL\ProjectTKLL\main.c
               __string_5   0x002f06    program     static C:\Hoc tap\HK221\DA TKLL\DA_TKLL\ProjectTKLL\main.c
               __string_6   0x002f01    program     static C:\Hoc tap\HK221\DA TKLL\DA_TKLL\ProjectTKLL\main.c
               __string_7   0x002efa    program     static C:\Hoc tap\HK221\DA TKLL\DA_TKLL\ProjectTKLL\main.c
               __string_8   0x002ed7    program     static C:\Hoc tap\HK221\DA TKLL\DA_TKLL\ProjectTKLL\main.c
               __string_9   0x002ed4    program     static C:\Hoc tap\HK221\DA TKLL\DA_TKLL\ProjectTKLL\main.c
            __zero_memory   0x003026    program     extern E:\3.46\pic18-lt\cxx-framework\src\traditional\proc\p18f4620.asm
                _do_cinit   0x002cb0    program     extern E:\3.46\pic18-lt\cxx-framework\src\traditional\startup\c018i.c
                   _entry   0x000000    program     extern E:\3.46\pic18-lt\cxx-framework\src\traditional\startup\c018i.c
                   _false   0x002f82    program     static                          
                   _false   0x002fbc    program     static                          
                 _startup   0x003046    program     extern E:\3.46\pic18-lt\cxx-framework\src\traditional\startup\c018i.c
              blinkGreens   0x0027f2    program     extern C:\Hoc tap\HK221\DA TKLL\DA_TKLL\ProjectTKLL\traffic_led\traffic_led.c
                blinkLeds   0x0027b2    program     extern C:\Hoc tap\HK221\DA TKLL\DA_TKLL\ProjectTKLL\traffic_led\traffic_led.c
                blinkReds   0x0027c6    program     extern C:\Hoc tap\HK221\DA TKLL\DA_TKLL\ProjectTKLL\traffic_led\traffic_led.c
             blinkYellows   0x0027dc    program     extern C:\Hoc tap\HK221\DA TKLL\DA_TKLL\ProjectTKLL\traffic_led\traffic_led.c
          button_delay_ms   0x00270a    program     extern C:\Hoc tap\HK221\DA TKLL\DA_TKLL\ProjectTKLL\button_matrix\button.c
                compare_l   0x00303c    program     static E:\3.46\pic18-lt\cxx-framework\src\traditional\proc\p18f4620.asm
             control_led1   0x001782    program     extern C:\Hoc tap\HK221\DA TKLL\DA_TKLL\ProjectTKLL\led7seg\led7seg.c
             control_led2   0x0017d4    program     extern C:\Hoc tap\HK221\DA TKLL\DA_TKLL\ProjectTKLL\led7seg\led7seg.c
      control_traffic_led   0x00295a    program     extern C:\Hoc tap\HK221\DA TKLL\DA_TKLL\ProjectTKLL\traffic_led\traffic_led.c
                copy_loop   0x002d22    program     static                          
            copy_one_byte   0x002d28    program     static                          
                 delay_ms   0x001d48    program     extern C:\Hoc tap\HK221\DA TKLL\DA_TKLL\ProjectTKLL\main.c
            delay_ms_7seg   0x001826    program     extern C:\Hoc tap\HK221\DA TKLL\DA_TKLL\ProjectTKLL\led7seg\led7seg.c
         delay_ms_traffic   0x00298e    program     extern C:\Hoc tap\HK221\DA TKLL\DA_TKLL\ProjectTKLL\traffic_led\traffic_led.c
             display_led1   0x0015de    program     extern C:\Hoc tap\HK221\DA TKLL\DA_TKLL\ProjectTKLL\led7seg\led7seg.c
             display_led2   0x0016b0    program     extern C:\Hoc tap\HK221\DA TKLL\DA_TKLL\ProjectTKLL\led7seg\led7seg.c
                     done   0x002d4c    program     static                          
             done_copying   0x002d36    program     static                          
           ds1307_control   0x002224    program     extern C:\Hoc tap\HK221\DA TKLL\DA_TKLL\ProjectTKLL\i2c\i2c.c
           eeprom_control   0x002242    program     extern C:\Hoc tap\HK221\DA TKLL\DA_TKLL\ProjectTKLL\i2c\i2c.c
                  endloop   0x003078    program     static                          
                  endloop   0x003020    program     static                          
            get_adc_value   0x002d60    program     extern C:\Hoc tap\HK221\DA TKLL\DA_TKLL\ProjectTKLL\adc\adc.c
                 high_isr   0x002b22    program     extern C:\Hoc tap\HK221\DA TKLL\DA_TKLL\ProjectTKLL\interrupt\interrupt.c
                  i2c_ack   0x00229c    program     extern C:\Hoc tap\HK221\DA TKLL\DA_TKLL\ProjectTKLL\i2c\i2c.c
                  i2c_nak   0x0022a8    program     extern C:\Hoc tap\HK221\DA TKLL\DA_TKLL\ProjectTKLL\i2c\i2c.c
                 i2c_read   0x002290    program     extern C:\Hoc tap\HK221\DA TKLL\DA_TKLL\ProjectTKLL\i2c\i2c.c
                i2c_start   0x002260    program     extern C:\Hoc tap\HK221\DA TKLL\DA_TKLL\ProjectTKLL\i2c\i2c.c
                 i2c_stop   0x00226a    program     extern C:\Hoc tap\HK221\DA TKLL\DA_TKLL\ProjectTKLL\i2c\i2c.c
                i2c_write   0x002274    program     extern C:\Hoc tap\HK221\DA TKLL\DA_TKLL\ProjectTKLL\i2c\i2c.c
                 init_adc   0x002d4e    program     extern C:\Hoc tap\HK221\DA TKLL\DA_TKLL\ProjectTKLL\adc\adc.c
            init_ext_int0   0x002a1e    program     extern C:\Hoc tap\HK221\DA TKLL\DA_TKLL\ProjectTKLL\interrupt\interrupt.c
                 init_i2c   0x00220c    program     extern C:\Hoc tap\HK221\DA TKLL\DA_TKLL\ProjectTKLL\i2c\i2c.c
           init_interrupt   0x002a16    program     extern C:\Hoc tap\HK221\DA TKLL\DA_TKLL\ProjectTKLL\interrupt\interrupt.c
          init_key_matrix   0x0024b8    program     extern C:\Hoc tap\HK221\DA TKLL\DA_TKLL\ProjectTKLL\button_matrix\button.c
init_key_matrix_with_uart   0x0024c0    program     extern C:\Hoc tap\HK221\DA TKLL\DA_TKLL\ProjectTKLL\button_matrix\button.c
              init_output   0x001dd0    program     extern C:\Hoc tap\HK221\DA TKLL\DA_TKLL\ProjectTKLL\main.c
                 init_pwm   0x002fc2    program     extern C:\Hoc tap\HK221\DA TKLL\DA_TKLL\ProjectTKLL\pwm\pwm.c
              init_system   0x001dda    program     extern C:\Hoc tap\HK221\DA TKLL\DA_TKLL\ProjectTKLL\main.c
              init_timer0   0x000ecc    program     extern C:\Hoc tap\HK221\DA TKLL\DA_TKLL\ProjectTKLL\timer\timer.c
              init_timer1   0x001010    program     extern C:\Hoc tap\HK221\DA TKLL\DA_TKLL\ProjectTKLL\timer\timer.c
              init_timer2   0x00115a    program     extern C:\Hoc tap\HK221\DA TKLL\DA_TKLL\ProjectTKLL\timer\timer.c
              init_timer3   0x001192    program     extern C:\Hoc tap\HK221\DA TKLL\DA_TKLL\ProjectTKLL\timer\timer.c
                init_uart   0x0018ae    program     extern C:\Hoc tap\HK221\DA TKLL\DA_TKLL\ProjectTKLL\uart\uart.c
         isButtonDecrease   0x0026c6    program     extern C:\Hoc tap\HK221\DA TKLL\DA_TKLL\ProjectTKLL\button_matrix\button.c
          isButtonESCHold   0x002662    program     extern C:\Hoc tap\HK221\DA TKLL\DA_TKLL\ProjectTKLL\button_matrix\button.c
            isButtonEnter   0x002628    program     extern C:\Hoc tap\HK221\DA TKLL\DA_TKLL\ProjectTKLL\button_matrix\button.c
         isButtonIncrease   0x002682    program     extern C:\Hoc tap\HK221\DA TKLL\DA_TKLL\ProjectTKLL\button_matrix\button.c
            isConformHold   0x002672    program     extern C:\Hoc tap\HK221\DA TKLL\DA_TKLL\ProjectTKLL\button_matrix\button.c
                lcd_clear   0x000580    program     extern C:\Hoc tap\HK221\DA TKLL\DA_TKLL\ProjectTKLL\lcd\lcd.c
                lcd_delay   0x00008c    program     extern C:\Hoc tap\HK221\DA TKLL\DA_TKLL\ProjectTKLL\lcd\lcd.c
                 lcd_init   0x00022c    program     extern C:\Hoc tap\HK221\DA TKLL\DA_TKLL\ProjectTKLL\lcd\lcd.c
             lcd_power_of   0x000594    program     extern C:\Hoc tap\HK221\DA TKLL\DA_TKLL\ProjectTKLL\lcd\lcd.c
           lcd_print_char   0x0004ec    program     extern C:\Hoc tap\HK221\DA TKLL\DA_TKLL\ProjectTKLL\lcd\lcd.c
          lcd_print_charS   0x000928    program     extern C:\Hoc tap\HK221\DA TKLL\DA_TKLL\ProjectTKLL\lcd\lcd.c
            lcd_print_num   0x000676    program     extern C:\Hoc tap\HK221\DA TKLL\DA_TKLL\ProjectTKLL\lcd\lcd.c
            lcd_print_str   0x000506    program     extern C:\Hoc tap\HK221\DA TKLL\DA_TKLL\ProjectTKLL\lcd\lcd.c
              lcd_putchar   0x0004d2    program     extern C:\Hoc tap\HK221\DA TKLL\DA_TKLL\ProjectTKLL\lcd\lcd.c
          lcd_read_status   0x00033c    program     extern C:\Hoc tap\HK221\DA TKLL\DA_TKLL\ProjectTKLL\lcd\lcd.c
          lcd_sendCommand   0x0001ac    program     extern C:\Hoc tap\HK221\DA TKLL\DA_TKLL\ProjectTKLL\lcd\lcd.c
           lcd_set_cursor   0x000546    program     extern C:\Hoc tap\HK221\DA TKLL\DA_TKLL\ProjectTKLL\lcd\lcd.c
            lcd_wait_busy   0x0003f2    program     extern C:\Hoc tap\HK221\DA TKLL\DA_TKLL\ProjectTKLL\lcd\lcd.c
          lcd_write_4bits   0x000412    program     extern C:\Hoc tap\HK221\DA TKLL\DA_TKLL\ProjectTKLL\lcd\lcd.c
            lcd_write_cmd   0x000458    program     extern C:\Hoc tap\HK221\DA TKLL\DA_TKLL\ProjectTKLL\lcd\lcd.c
           lcd_write_data   0x000494    program     extern C:\Hoc tap\HK221\DA TKLL\DA_TKLL\ProjectTKLL\lcd\lcd.c
                     loop   0x00306a    program     static                          
                     loop   0x003004    program     static                          
                     loop   0x002f94    program     static                          
                     loop   0x002f4e    program     static                          
                     loop   0x003056    program     static                          
                   loop_h   0x003034    program     static E:\3.46\pic18-lt\cxx-framework\src\traditional\proc\p18f4620.asm
                   loop_l   0x00303e    program     static E:\3.46\pic18-lt\cxx-framework\src\traditional\proc\p18f4620.asm
                  low_isr   0x002a26    program     extern C:\Hoc tap\HK221\DA TKLL\DA_TKLL\ProjectTKLL\interrupt\interrupt.c
                     main   0x001d18    program     extern C:\Hoc tap\HK221\DA TKLL\DA_TKLL\ProjectTKLL\main.c
               offAllLeds   0x0027a0    program     extern C:\Hoc tap\HK221\DA TKLL\DA_TKLL\ProjectTKLL\traffic_led\traffic_led.c
              read_ds1307   0x0023ac    program     extern C:\Hoc tap\HK221\DA TKLL\DA_TKLL\ProjectTKLL\i2c\i2c.c
              read_eeprom   0x002422    program     extern C:\Hoc tap\HK221\DA TKLL\DA_TKLL\ProjectTKLL\i2c\i2c.c
scan_key_matrix_with_uart   0x0024ca    program     extern C:\Hoc tap\HK221\DA TKLL\DA_TKLL\ProjectTKLL\button_matrix\button.c
               setAllLeds   0x002792    program     extern C:\Hoc tap\HK221\DA TKLL\DA_TKLL\ProjectTKLL\traffic_led\traffic_led.c
                setGreen1   0x002834    program     extern C:\Hoc tap\HK221\DA TKLL\DA_TKLL\ProjectTKLL\traffic_led\traffic_led.c
                setGreen2   0x002876    program     extern C:\Hoc tap\HK221\DA TKLL\DA_TKLL\ProjectTKLL\traffic_led\traffic_led.c
                  setRed1   0x002808    program     extern C:\Hoc tap\HK221\DA TKLL\DA_TKLL\ProjectTKLL\traffic_led\traffic_led.c
                  setRed2   0x00284a    program     extern C:\Hoc tap\HK221\DA TKLL\DA_TKLL\ProjectTKLL\traffic_led\traffic_led.c
               setYellow1   0x00281e    program     extern C:\Hoc tap\HK221\DA TKLL\DA_TKLL\ProjectTKLL\traffic_led\traffic_led.c
               setYellow2   0x002860    program     extern C:\Hoc tap\HK221\DA TKLL\DA_TKLL\ProjectTKLL\traffic_led\traffic_led.c
             set_DC_speed   0x002fe4    program     extern C:\Hoc tap\HK221\DA TKLL\DA_TKLL\ProjectTKLL\pwm\pwm.c
             start_timer0   0x000f84    program     extern C:\Hoc tap\HK221\DA TKLL\DA_TKLL\ProjectTKLL\timer\timer.c
             start_timer1   0x0010ca    program     extern C:\Hoc tap\HK221\DA TKLL\DA_TKLL\ProjectTKLL\timer\timer.c
             start_timer2   0x001186    program     extern C:\Hoc tap\HK221\DA TKLL\DA_TKLL\ProjectTKLL\timer\timer.c
             start_timer3   0x001248    program     extern C:\Hoc tap\HK221\DA TKLL\DA_TKLL\ProjectTKLL\timer\timer.c
              stop_timer0   0x000f80    program     extern C:\Hoc tap\HK221\DA TKLL\DA_TKLL\ProjectTKLL\timer\timer.c
              stop_timer1   0x001156    program     extern C:\Hoc tap\HK221\DA TKLL\DA_TKLL\ProjectTKLL\timer\timer.c
              stop_timer2   0x00118e    program     extern C:\Hoc tap\HK221\DA TKLL\DA_TKLL\ProjectTKLL\timer\timer.c
              stop_timer3   0x0012d4    program     extern C:\Hoc tap\HK221\DA TKLL\DA_TKLL\ProjectTKLL\timer\timer.c
                     test   0x002cca    program     static                          
               timer0_isr   0x0012d8    program     extern C:\Hoc tap\HK221\DA TKLL\DA_TKLL\ProjectTKLL\timer\timer.c
               timer1_isr   0x0012f4    program     extern C:\Hoc tap\HK221\DA TKLL\DA_TKLL\ProjectTKLL\timer\timer.c
               timer2_isr   0x001310    program     extern C:\Hoc tap\HK221\DA TKLL\DA_TKLL\ProjectTKLL\timer\timer.c
               timer3_isr   0x00132c    program     extern C:\Hoc tap\HK221\DA TKLL\DA_TKLL\ProjectTKLL\timer\timer.c
            uart_delay_ms   0x0018cc    program     extern C:\Hoc tap\HK221\DA TKLL\DA_TKLL\ProjectTKLL\uart\uart.c
                 uart_isr   0x001d14    program     extern C:\Hoc tap\HK221\DA TKLL\DA_TKLL\ProjectTKLL\uart\uart.c
uart_isr_simulate_machine   0x002dde    program     extern C:\Hoc tap\HK221\DA TKLL\DA_TKLL\ProjectTKLL\simulate_machine\simulate_machine.c
            uart_power_of   0x0019fc    program     extern C:\Hoc tap\HK221\DA TKLL\DA_TKLL\ProjectTKLL\uart\uart.c
             uart_putchar   0x001954    program     extern C:\Hoc tap\HK221\DA TKLL\DA_TKLL\ProjectTKLL\uart\uart.c
            uart_send_str   0x001970    program     extern C:\Hoc tap\HK221\DA TKLL\DA_TKLL\ProjectTKLL\uart\uart.c
                 v_timer0   0x00011c    program     extern C:\Hoc tap\HK221\DA TKLL\DA_TKLL\ProjectTKLL\lcd\lcd.c
              write_8bit1   0x001426    program     extern C:\Hoc tap\HK221\DA TKLL\DA_TKLL\ProjectTKLL\led7seg\led7seg.c
              write_8bit2   0x001502    program     extern C:\Hoc tap\HK221\DA TKLL\DA_TKLL\ProjectTKLL\led7seg\led7seg.c
       write_8bit_traffic   0x00288c    program     extern C:\Hoc tap\HK221\DA TKLL\DA_TKLL\ProjectTKLL\traffic_led\traffic_led.c
             write_ds1307   0x0022b4    program     extern C:\Hoc tap\HK221\DA TKLL\DA_TKLL\ProjectTKLL\i2c\i2c.c
             write_eeprom   0x00231e    program     extern C:\Hoc tap\HK221\DA TKLL\DA_TKLL\ProjectTKLL\i2c\i2c.c
               zero_block   0x003034    program     static E:\3.46\pic18-lt\cxx-framework\src\traditional\proc\p18f4620.asm
                   ADCON0   0x000fc2       data     extern E:\3.46\pic18-lt\cxx-framework\src\traditional\proc\p18f4620.asm
               ADCON0bits   0x000fc2       data     extern E:\3.46\pic18-lt\cxx-framework\src\traditional\proc\p18f4620.asm
                   ADCON1   0x000fc1       data     extern E:\3.46\pic18-lt\cxx-framework\src\traditional\proc\p18f4620.asm
               ADCON1bits   0x000fc1       data     extern E:\3.46\pic18-lt\cxx-framework\src\traditional\proc\p18f4620.asm
                   ADCON2   0x000fc0       data     extern E:\3.46\pic18-lt\cxx-framework\src\traditional\proc\p18f4620.asm
               ADCON2bits   0x000fc0       data     extern E:\3.46\pic18-lt\cxx-framework\src\traditional\proc\p18f4620.asm
                    ADRES   0x000fc3       data     extern E:\3.46\pic18-lt\cxx-framework\src\traditional\proc\p18f4620.asm
                   ADRESH   0x000fc4       data     extern E:\3.46\pic18-lt\cxx-framework\src\traditional\proc\p18f4620.asm
                   ADRESL   0x000fc3       data     extern E:\3.46\pic18-lt\cxx-framework\src\traditional\proc\p18f4620.asm
                  BAUDCON   0x000fb8       data     extern E:\3.46\pic18-lt\cxx-framework\src\traditional\proc\p18f4620.asm
              BAUDCONbits   0x000fb8       data     extern E:\3.46\pic18-lt\cxx-framework\src\traditional\proc\p18f4620.asm
                  BAUDCTL   0x000fb8       data     extern E:\3.46\pic18-lt\cxx-framework\src\traditional\proc\p18f4620.asm
              BAUDCTLbits   0x000fb8       data     extern E:\3.46\pic18-lt\cxx-framework\src\traditional\proc\p18f4620.asm
                      BSR   0x000fe0       data     extern E:\3.46\pic18-lt\cxx-framework\src\traditional\proc\p18f4620.asm
                  CCP1CON   0x000fbd       data     extern E:\3.46\pic18-lt\cxx-framework\src\traditional\proc\p18f4620.asm
              CCP1CONbits   0x000fbd       data     extern E:\3.46\pic18-lt\cxx-framework\src\traditional\proc\p18f4620.asm
                  CCP2CON   0x000fba       data     extern E:\3.46\pic18-lt\cxx-framework\src\traditional\proc\p18f4620.asm
              CCP2CONbits   0x000fba       data     extern E:\3.46\pic18-lt\cxx-framework\src\traditional\proc\p18f4620.asm
                    CCPR1   0x000fbe       data     extern E:\3.46\pic18-lt\cxx-framework\src\traditional\proc\p18f4620.asm
                   CCPR1H   0x000fbf       data     extern E:\3.46\pic18-lt\cxx-framework\src\traditional\proc\p18f4620.asm
                   CCPR1L   0x000fbe       data     extern E:\3.46\pic18-lt\cxx-framework\src\traditional\proc\p18f4620.asm
                    CCPR2   0x000fbb       data     extern E:\3.46\pic18-lt\cxx-framework\src\traditional\proc\p18f4620.asm
                   CCPR2H   0x000fbc       data     extern E:\3.46\pic18-lt\cxx-framework\src\traditional\proc\p18f4620.asm
                   CCPR2L   0x000fbb       data     extern E:\3.46\pic18-lt\cxx-framework\src\traditional\proc\p18f4620.asm
                    CMCON   0x000fb4       data     extern E:\3.46\pic18-lt\cxx-framework\src\traditional\proc\p18f4620.asm
                CMCONbits   0x000fb4       data     extern E:\3.46\pic18-lt\cxx-framework\src\traditional\proc\p18f4620.asm
                   CVRCON   0x000fb5       data     extern E:\3.46\pic18-lt\cxx-framework\src\traditional\proc\p18f4620.asm
               CVRCONbits   0x000fb5       data     extern E:\3.46\pic18-lt\cxx-framework\src\traditional\proc\p18f4620.asm
                     DDRA   0x000f92       data     extern E:\3.46\pic18-lt\cxx-framework\src\traditional\proc\p18f4620.asm
                 DDRAbits   0x000f92       data     extern E:\3.46\pic18-lt\cxx-framework\src\traditional\proc\p18f4620.asm
                     DDRB   0x000f93       data     extern E:\3.46\pic18-lt\cxx-framework\src\traditional\proc\p18f4620.asm
                 DDRBbits   0x000f93       data     extern E:\3.46\pic18-lt\cxx-framework\src\traditional\proc\p18f4620.asm
                     DDRC   0x000f94       data     extern E:\3.46\pic18-lt\cxx-framework\src\traditional\proc\p18f4620.asm
                 DDRCbits   0x000f94       data     extern E:\3.46\pic18-lt\cxx-framework\src\traditional\proc\p18f4620.asm
                     DDRD   0x000f95       data     extern E:\3.46\pic18-lt\cxx-framework\src\traditional\proc\p18f4620.asm
                 DDRDbits   0x000f95       data     extern E:\3.46\pic18-lt\cxx-framework\src\traditional\proc\p18f4620.asm
                     DDRE   0x000f96       data     extern E:\3.46\pic18-lt\cxx-framework\src\traditional\proc\p18f4620.asm
                 DDREbits   0x000f96       data     extern E:\3.46\pic18-lt\cxx-framework\src\traditional\proc\p18f4620.asm
                  ECCP1AS   0x000fb6       data     extern E:\3.46\pic18-lt\cxx-framework\src\traditional\proc\p18f4620.asm
              ECCP1ASbits   0x000fb6       data     extern E:\3.46\pic18-lt\cxx-framework\src\traditional\proc\p18f4620.asm
                    EEADR   0x000fa9       data     extern E:\3.46\pic18-lt\cxx-framework\src\traditional\proc\p18f4620.asm
                   EEADRH   0x000faa       data     extern E:\3.46\pic18-lt\cxx-framework\src\traditional\proc\p18f4620.asm
                   EECON1   0x000fa6       data     extern E:\3.46\pic18-lt\cxx-framework\src\traditional\proc\p18f4620.asm
               EECON1bits   0x000fa6       data     extern E:\3.46\pic18-lt\cxx-framework\src\traditional\proc\p18f4620.asm
                   EECON2   0x000fa7       data     extern E:\3.46\pic18-lt\cxx-framework\src\traditional\proc\p18f4620.asm
                   EEDATA   0x000fa8       data     extern E:\3.46\pic18-lt\cxx-framework\src\traditional\proc\p18f4620.asm
                     FSR0   0x000fe9       data     extern E:\3.46\pic18-lt\cxx-framework\src\traditional\proc\p18f4620.asm
                    FSR0H   0x000fea       data     extern E:\3.46\pic18-lt\cxx-framework\src\traditional\proc\p18f4620.asm
                    FSR0L   0x000fe9       data     extern E:\3.46\pic18-lt\cxx-framework\src\traditional\proc\p18f4620.asm
                     FSR1   0x000fe1       data     extern E:\3.46\pic18-lt\cxx-framework\src\traditional\proc\p18f4620.asm
                    FSR1H   0x000fe2       data     extern E:\3.46\pic18-lt\cxx-framework\src\traditional\proc\p18f4620.asm
                    FSR1L   0x000fe1       data     extern E:\3.46\pic18-lt\cxx-framework\src\traditional\proc\p18f4620.asm
                     FSR2   0x000fd9       data     extern E:\3.46\pic18-lt\cxx-framework\src\traditional\proc\p18f4620.asm
                    FSR2H   0x000fda       data     extern E:\3.46\pic18-lt\cxx-framework\src\traditional\proc\p18f4620.asm
                    FSR2L   0x000fd9       data     extern E:\3.46\pic18-lt\cxx-framework\src\traditional\proc\p18f4620.asm
                  HLVDCON   0x000fd2       data     extern E:\3.46\pic18-lt\cxx-framework\src\traditional\proc\p18f4620.asm
              HLVDCONbits   0x000fd2       data     extern E:\3.46\pic18-lt\cxx-framework\src\traditional\proc\p18f4620.asm
                    INDF0   0x000fef       data     extern E:\3.46\pic18-lt\cxx-framework\src\traditional\proc\p18f4620.asm
                    INDF1   0x000fe7       data     extern E:\3.46\pic18-lt\cxx-framework\src\traditional\proc\p18f4620.asm
                    INDF2   0x000fdf       data     extern E:\3.46\pic18-lt\cxx-framework\src\traditional\proc\p18f4620.asm
                   INTCON   0x000ff2       data     extern E:\3.46\pic18-lt\cxx-framework\src\traditional\proc\p18f4620.asm
                  INTCON2   0x000ff1       data     extern E:\3.46\pic18-lt\cxx-framework\src\traditional\proc\p18f4620.asm
              INTCON2bits   0x000ff1       data     extern E:\3.46\pic18-lt\cxx-framework\src\traditional\proc\p18f4620.asm
                  INTCON3   0x000ff0       data     extern E:\3.46\pic18-lt\cxx-framework\src\traditional\proc\p18f4620.asm
              INTCON3bits   0x000ff0       data     extern E:\3.46\pic18-lt\cxx-framework\src\traditional\proc\p18f4620.asm
               INTCONbits   0x000ff2       data     extern E:\3.46\pic18-lt\cxx-framework\src\traditional\proc\p18f4620.asm
                     IPR1   0x000f9f       data     extern E:\3.46\pic18-lt\cxx-framework\src\traditional\proc\p18f4620.asm
                 IPR1bits   0x000f9f       data     extern E:\3.46\pic18-lt\cxx-framework\src\traditional\proc\p18f4620.asm
                     IPR2   0x000fa2       data     extern E:\3.46\pic18-lt\cxx-framework\src\traditional\proc\p18f4620.asm
                 IPR2bits   0x000fa2       data     extern E:\3.46\pic18-lt\cxx-framework\src\traditional\proc\p18f4620.asm
                     LATA   0x000f89       data     extern E:\3.46\pic18-lt\cxx-framework\src\traditional\proc\p18f4620.asm
                 LATAbits   0x000f89       data     extern E:\3.46\pic18-lt\cxx-framework\src\traditional\proc\p18f4620.asm
                     LATB   0x000f8a       data     extern E:\3.46\pic18-lt\cxx-framework\src\traditional\proc\p18f4620.asm
                 LATBbits   0x000f8a       data     extern E:\3.46\pic18-lt\cxx-framework\src\traditional\proc\p18f4620.asm
                     LATC   0x000f8b       data     extern E:\3.46\pic18-lt\cxx-framework\src\traditional\proc\p18f4620.asm
                 LATCbits   0x000f8b       data     extern E:\3.46\pic18-lt\cxx-framework\src\traditional\proc\p18f4620.asm
                     LATD   0x000f8c       data     extern E:\3.46\pic18-lt\cxx-framework\src\traditional\proc\p18f4620.asm
                 LATDbits   0x000f8c       data     extern E:\3.46\pic18-lt\cxx-framework\src\traditional\proc\p18f4620.asm
                     LATE   0x000f8d       data     extern E:\3.46\pic18-lt\cxx-framework\src\traditional\proc\p18f4620.asm
                 LATEbits   0x000f8d       data     extern E:\3.46\pic18-lt\cxx-framework\src\traditional\proc\p18f4620.asm
                LED7_mask   0x000100       data     extern C:\Hoc tap\HK221\DA TKLL\DA_TKLL\ProjectTKLL\main.c
                   LVDCON   0x000fd2       data     extern E:\3.46\pic18-lt\cxx-framework\src\traditional\proc\p18f4620.asm
               LVDCONbits   0x000fd2       data     extern E:\3.46\pic18-lt\cxx-framework\src\traditional\proc\p18f4620.asm
                LcdScreen   0x000f41       data     extern C:\Hoc tap\HK221\DA TKLL\DA_TKLL\ProjectTKLL\lcd\lcd.c
                   OSCCON   0x000fd3       data     extern E:\3.46\pic18-lt\cxx-framework\src\traditional\proc\p18f4620.asm
               OSCCONbits   0x000fd3       data     extern E:\3.46\pic18-lt\cxx-framework\src\traditional\proc\p18f4620.asm
                  OSCTUNE   0x000f9b       data     extern E:\3.46\pic18-lt\cxx-framework\src\traditional\proc\p18f4620.asm
              OSCTUNEbits   0x000f9b       data     extern E:\3.46\pic18-lt\cxx-framework\src\traditional\proc\p18f4620.asm
                       PC   0x000ff9       data     extern E:\3.46\pic18-lt\cxx-framework\src\traditional\proc\p18f4620.asm
                      PCL   0x000ff9       data     extern E:\3.46\pic18-lt\cxx-framework\src\traditional\proc\p18f4620.asm
                   PCLATH   0x000ffa       data     extern E:\3.46\pic18-lt\cxx-framework\src\traditional\proc\p18f4620.asm
                   PCLATU   0x000ffb       data     extern E:\3.46\pic18-lt\cxx-framework\src\traditional\proc\p18f4620.asm
                     PIE1   0x000f9d       data     extern E:\3.46\pic18-lt\cxx-framework\src\traditional\proc\p18f4620.asm
                 PIE1bits   0x000f9d       data     extern E:\3.46\pic18-lt\cxx-framework\src\traditional\proc\p18f4620.asm
                     PIE2   0x000fa0       data     extern E:\3.46\pic18-lt\cxx-framework\src\traditional\proc\p18f4620.asm
                 PIE2bits   0x000fa0       data     extern E:\3.46\pic18-lt\cxx-framework\src\traditional\proc\p18f4620.asm
                     PIR1   0x000f9e       data     extern E:\3.46\pic18-lt\cxx-framework\src\traditional\proc\p18f4620.asm
                 PIR1bits   0x000f9e       data     extern E:\3.46\pic18-lt\cxx-framework\src\traditional\proc\p18f4620.asm
                     PIR2   0x000fa1       data     extern E:\3.46\pic18-lt\cxx-framework\src\traditional\proc\p18f4620.asm
                 PIR2bits   0x000fa1       data     extern E:\3.46\pic18-lt\cxx-framework\src\traditional\proc\p18f4620.asm
                   PLUSW0   0x000feb       data     extern E:\3.46\pic18-lt\cxx-framework\src\traditional\proc\p18f4620.asm
                   PLUSW1   0x000fe3       data     extern E:\3.46\pic18-lt\cxx-framework\src\traditional\proc\p18f4620.asm
                   PLUSW2   0x000fdb       data     extern E:\3.46\pic18-lt\cxx-framework\src\traditional\proc\p18f4620.asm
                    PORTA   0x000f80       data     extern E:\3.46\pic18-lt\cxx-framework\src\traditional\proc\p18f4620.asm
                PORTAbits   0x000f80       data     extern E:\3.46\pic18-lt\cxx-framework\src\traditional\proc\p18f4620.asm
                    PORTB   0x000f81       data     extern E:\3.46\pic18-lt\cxx-framework\src\traditional\proc\p18f4620.asm
                PORTBbits   0x000f81       data     extern E:\3.46\pic18-lt\cxx-framework\src\traditional\proc\p18f4620.asm
                    PORTC   0x000f82       data     extern E:\3.46\pic18-lt\cxx-framework\src\traditional\proc\p18f4620.asm
                PORTCbits   0x000f82       data     extern E:\3.46\pic18-lt\cxx-framework\src\traditional\proc\p18f4620.asm
                    PORTD   0x000f83       data     extern E:\3.46\pic18-lt\cxx-framework\src\traditional\proc\p18f4620.asm
                PORTDbits   0x000f83       data     extern E:\3.46\pic18-lt\cxx-framework\src\traditional\proc\p18f4620.asm
                    PORTE   0x000f84       data     extern E:\3.46\pic18-lt\cxx-framework\src\traditional\proc\p18f4620.asm
                PORTEbits   0x000f84       data     extern E:\3.46\pic18-lt\cxx-framework\src\traditional\proc\p18f4620.asm
                 POSTDEC0   0x000fed       data     extern E:\3.46\pic18-lt\cxx-framework\src\traditional\proc\p18f4620.asm
                 POSTDEC1   0x000fe5       data     extern E:\3.46\pic18-lt\cxx-framework\src\traditional\proc\p18f4620.asm
                 POSTDEC2   0x000fdd       data     extern E:\3.46\pic18-lt\cxx-framework\src\traditional\proc\p18f4620.asm
                 POSTINC0   0x000fee       data     extern E:\3.46\pic18-lt\cxx-framework\src\traditional\proc\p18f4620.asm
                 POSTINC1   0x000fe6       data     extern E:\3.46\pic18-lt\cxx-framework\src\traditional\proc\p18f4620.asm
                 POSTINC2   0x000fde       data     extern E:\3.46\pic18-lt\cxx-framework\src\traditional\proc\p18f4620.asm
                      PR2   0x000fcb       data     extern E:\3.46\pic18-lt\cxx-framework\src\traditional\proc\p18f4620.asm
                  PREINC0   0x000fec       data     extern E:\3.46\pic18-lt\cxx-framework\src\traditional\proc\p18f4620.asm
                  PREINC1   0x000fe4       data     extern E:\3.46\pic18-lt\cxx-framework\src\traditional\proc\p18f4620.asm
                  PREINC2   0x000fdc       data     extern E:\3.46\pic18-lt\cxx-framework\src\traditional\proc\p18f4620.asm
                     PROD   0x000ff3       data     extern E:\3.46\pic18-lt\cxx-framework\src\traditional\proc\p18f4620.asm
                    PRODH   0x000ff4       data     extern E:\3.46\pic18-lt\cxx-framework\src\traditional\proc\p18f4620.asm
                    PRODL   0x000ff3       data     extern E:\3.46\pic18-lt\cxx-framework\src\traditional\proc\p18f4620.asm
                  PWM1CON   0x000fb7       data     extern E:\3.46\pic18-lt\cxx-framework\src\traditional\proc\p18f4620.asm
              PWM1CONbits   0x000fb7       data     extern E:\3.46\pic18-lt\cxx-framework\src\traditional\proc\p18f4620.asm
                     RCON   0x000fd0       data     extern E:\3.46\pic18-lt\cxx-framework\src\traditional\proc\p18f4620.asm
                 RCONbits   0x000fd0       data     extern E:\3.46\pic18-lt\cxx-framework\src\traditional\proc\p18f4620.asm
                    RCREG   0x000fae       data     extern E:\3.46\pic18-lt\cxx-framework\src\traditional\proc\p18f4620.asm
                    RCSTA   0x000fab       data     extern E:\3.46\pic18-lt\cxx-framework\src\traditional\proc\p18f4620.asm
                RCSTAbits   0x000fab       data     extern E:\3.46\pic18-lt\cxx-framework\src\traditional\proc\p18f4620.asm
                     SIGN   0x000000       data     extern E:\3.46\pic18-lt\cxx-framework\src\traditional\math\cmath18.asm
                    SPBRG   0x000faf       data     extern E:\3.46\pic18-lt\cxx-framework\src\traditional\proc\p18f4620.asm
                   SPBRGH   0x000fb0       data     extern E:\3.46\pic18-lt\cxx-framework\src\traditional\proc\p18f4620.asm
                   SSPADD   0x000fc8       data     extern E:\3.46\pic18-lt\cxx-framework\src\traditional\proc\p18f4620.asm
                   SSPBUF   0x000fc9       data     extern E:\3.46\pic18-lt\cxx-framework\src\traditional\proc\p18f4620.asm
                  SSPCON1   0x000fc6       data     extern E:\3.46\pic18-lt\cxx-framework\src\traditional\proc\p18f4620.asm
              SSPCON1bits   0x000fc6       data     extern E:\3.46\pic18-lt\cxx-framework\src\traditional\proc\p18f4620.asm
                  SSPCON2   0x000fc5       data     extern E:\3.46\pic18-lt\cxx-framework\src\traditional\proc\p18f4620.asm
              SSPCON2bits   0x000fc5       data     extern E:\3.46\pic18-lt\cxx-framework\src\traditional\proc\p18f4620.asm
                  SSPSTAT   0x000fc7       data     extern E:\3.46\pic18-lt\cxx-framework\src\traditional\proc\p18f4620.asm
              SSPSTATbits   0x000fc7       data     extern E:\3.46\pic18-lt\cxx-framework\src\traditional\proc\p18f4620.asm
                   STATUS   0x000fd8       data     extern E:\3.46\pic18-lt\cxx-framework\src\traditional\proc\p18f4620.asm
               STATUSbits   0x000fd8       data     extern E:\3.46\pic18-lt\cxx-framework\src\traditional\proc\p18f4620.asm
                   STKPTR   0x000ffc       data     extern E:\3.46\pic18-lt\cxx-framework\src\traditional\proc\p18f4620.asm
               STKPTRbits   0x000ffc       data     extern E:\3.46\pic18-lt\cxx-framework\src\traditional\proc\p18f4620.asm
                    T0CON   0x000fd5       data     extern E:\3.46\pic18-lt\cxx-framework\src\traditional\proc\p18f4620.asm
                T0CONbits   0x000fd5       data     extern E:\3.46\pic18-lt\cxx-framework\src\traditional\proc\p18f4620.asm
                    T1CON   0x000fcd       data     extern E:\3.46\pic18-lt\cxx-framework\src\traditional\proc\p18f4620.asm
                T1CONbits   0x000fcd       data     extern E:\3.46\pic18-lt\cxx-framework\src\traditional\proc\p18f4620.asm
                    T2CON   0x000fca       data     extern E:\3.46\pic18-lt\cxx-framework\src\traditional\proc\p18f4620.asm
                T2CONbits   0x000fca       data     extern E:\3.46\pic18-lt\cxx-framework\src\traditional\proc\p18f4620.asm
                    T3CON   0x000fb1       data     extern E:\3.46\pic18-lt\cxx-framework\src\traditional\proc\p18f4620.asm
                T3CONbits   0x000fb1       data     extern E:\3.46\pic18-lt\cxx-framework\src\traditional\proc\p18f4620.asm
                   TABLAT   0x000ff5       data     extern E:\3.46\pic18-lt\cxx-framework\src\traditional\proc\p18f4620.asm
                   TBLPTR   0x000ff6       data     extern E:\3.46\pic18-lt\cxx-framework\src\traditional\proc\p18f4620.asm
                  TBLPTRH   0x000ff7       data     extern E:\3.46\pic18-lt\cxx-framework\src\traditional\proc\p18f4620.asm
                  TBLPTRL   0x000ff6       data     extern E:\3.46\pic18-lt\cxx-framework\src\traditional\proc\p18f4620.asm
                  TBLPTRU   0x000ff8       data     extern E:\3.46\pic18-lt\cxx-framework\src\traditional\proc\p18f4620.asm
                    TMR0H   0x000fd7       data     extern E:\3.46\pic18-lt\cxx-framework\src\traditional\proc\p18f4620.asm
                    TMR0L   0x000fd6       data     extern E:\3.46\pic18-lt\cxx-framework\src\traditional\proc\p18f4620.asm
                    TMR1H   0x000fcf       data     extern E:\3.46\pic18-lt\cxx-framework\src\traditional\proc\p18f4620.asm
                    TMR1L   0x000fce       data     extern E:\3.46\pic18-lt\cxx-framework\src\traditional\proc\p18f4620.asm
                     TMR2   0x000fcc       data     extern E:\3.46\pic18-lt\cxx-framework\src\traditional\proc\p18f4620.asm
                    TMR3H   0x000fb3       data     extern E:\3.46\pic18-lt\cxx-framework\src\traditional\proc\p18f4620.asm
                    TMR3L   0x000fb2       data     extern E:\3.46\pic18-lt\cxx-framework\src\traditional\proc\p18f4620.asm
                      TOS   0x000ffd       data     extern E:\3.46\pic18-lt\cxx-framework\src\traditional\proc\p18f4620.asm
                     TOSH   0x000ffe       data     extern E:\3.46\pic18-lt\cxx-framework\src\traditional\proc\p18f4620.asm
                     TOSL   0x000ffd       data     extern E:\3.46\pic18-lt\cxx-framework\src\traditional\proc\p18f4620.asm
                     TOSU   0x000fff       data     extern E:\3.46\pic18-lt\cxx-framework\src\traditional\proc\p18f4620.asm
                    TRISA   0x000f92       data     extern E:\3.46\pic18-lt\cxx-framework\src\traditional\proc\p18f4620.asm
                TRISAbits   0x000f92       data     extern E:\3.46\pic18-lt\cxx-framework\src\traditional\proc\p18f4620.asm
                    TRISB   0x000f93       data     extern E:\3.46\pic18-lt\cxx-framework\src\traditional\proc\p18f4620.asm
                TRISBbits   0x000f93       data     extern E:\3.46\pic18-lt\cxx-framework\src\traditional\proc\p18f4620.asm
                    TRISC   0x000f94       data     extern E:\3.46\pic18-lt\cxx-framework\src\traditional\proc\p18f4620.asm
                TRISCbits   0x000f94       data     extern E:\3.46\pic18-lt\cxx-framework\src\traditional\proc\p18f4620.asm
                    TRISD   0x000f95       data     extern E:\3.46\pic18-lt\cxx-framework\src\traditional\proc\p18f4620.asm
                TRISDbits   0x000f95       data     extern E:\3.46\pic18-lt\cxx-framework\src\traditional\proc\p18f4620.asm
                    TRISE   0x000f96       data     extern E:\3.46\pic18-lt\cxx-framework\src\traditional\proc\p18f4620.asm
                TRISEbits   0x000f96       data     extern E:\3.46\pic18-lt\cxx-framework\src\traditional\proc\p18f4620.asm
                    TXREG   0x000fad       data     extern E:\3.46\pic18-lt\cxx-framework\src\traditional\proc\p18f4620.asm
                    TXSTA   0x000fac       data     extern E:\3.46\pic18-lt\cxx-framework\src\traditional\proc\p18f4620.asm
                TXSTAbits   0x000fac       data     extern E:\3.46\pic18-lt\cxx-framework\src\traditional\proc\p18f4620.asm
                 UserFont   0x000f00       data     extern C:\Hoc tap\HK221\DA TKLL\DA_TKLL\ProjectTKLL\lcd\lcd.c
                        W   0x000fe8       data     extern E:\3.46\pic18-lt\cxx-framework\src\traditional\proc\p18f4620.asm
                   WDTCON   0x000fd1       data     extern E:\3.46\pic18-lt\cxx-framework\src\traditional\proc\p18f4620.asm
               WDTCONbits   0x000fd1       data     extern E:\3.46\pic18-lt\cxx-framework\src\traditional\proc\p18f4620.asm
                     WREG   0x000fe8       data     extern E:\3.46\pic18-lt\cxx-framework\src\traditional\proc\p18f4620.asm
             WaitResponse   0x00017f       data     extern C:\Hoc tap\HK221\DA TKLL\DA_TKLL\ProjectTKLL\simulate_machine\simulate_machine.c
                 __AARGB0   0x000009       data     extern E:\3.46\pic18-lt\cxx-framework\src\traditional\math\aarg.asm
                 __AARGB1   0x000008       data     extern E:\3.46\pic18-lt\cxx-framework\src\traditional\math\aarg.asm
                 __AARGB2   0x000007       data     extern E:\3.46\pic18-lt\cxx-framework\src\traditional\math\aarg.asm
                 __AARGB3   0x000006       data     extern E:\3.46\pic18-lt\cxx-framework\src\traditional\math\aarg.asm
                 __AARGB4   0x000005       data     extern E:\3.46\pic18-lt\cxx-framework\src\traditional\math\aarg.asm
                 __AARGB5   0x000004       data     extern E:\3.46\pic18-lt\cxx-framework\src\traditional\math\aarg.asm
                 __AARGB6   0x000003       data     extern E:\3.46\pic18-lt\cxx-framework\src\traditional\math\aarg.asm
                 __AARGB7   0x000002       data     extern E:\3.46\pic18-lt\cxx-framework\src\traditional\math\aarg.asm
                   __AEXP   0x00000a       data     extern E:\3.46\pic18-lt\cxx-framework\src\traditional\math\aarg.asm
                 __BARGB0   0x00000e       data     extern E:\3.46\pic18-lt\cxx-framework\src\traditional\math\barg.asm
                 __BARGB1   0x00000d       data     extern E:\3.46\pic18-lt\cxx-framework\src\traditional\math\barg.asm
                 __BARGB2   0x00000c       data     extern E:\3.46\pic18-lt\cxx-framework\src\traditional\math\barg.asm
                 __BARGB3   0x00000b       data     extern E:\3.46\pic18-lt\cxx-framework\src\traditional\math\barg.asm
                   __BEXP   0x00000f       data     extern E:\3.46\pic18-lt\cxx-framework\src\traditional\math\barg.asm
                __FPFLAGS   0x000001       data     extern E:\3.46\pic18-lt\cxx-framework\src\traditional\math\cmath18.asm
            __FPFLAGSbits   0x000001       data     extern E:\3.46\pic18-lt\cxx-framework\src\traditional\math\cmath18.asm
                  __REMB0   0x000005       data     extern E:\3.46\pic18-lt\cxx-framework\src\traditional\math\aarg.asm
                  __REMB1   0x000004       data     extern E:\3.46\pic18-lt\cxx-framework\src\traditional\math\aarg.asm
                  __REMB2   0x000003       data     extern E:\3.46\pic18-lt\cxx-framework\src\traditional\math\aarg.asm
                  __REMB3   0x000002       data     extern E:\3.46\pic18-lt\cxx-framework\src\traditional\math\aarg.asm
                  __tmp_0   0x000010       data     static C:\Hoc tap\HK221\DA TKLL\DA_TKLL\ProjectTKLL\button_matrix\button.c
                  __tmp_0   0x000010       data     static C:\Hoc tap\HK221\DA TKLL\DA_TKLL\ProjectTKLL\main.c
                  __tmp_0   0x000010       data     static C:\Hoc tap\HK221\DA TKLL\DA_TKLL\ProjectTKLL\timer\timer.c
                  __tmp_0   0x000010       data     static C:\Hoc tap\HK221\DA TKLL\DA_TKLL\ProjectTKLL\lcd\lcd.c
                  __tmp_0   0x000010       data     static C:\Hoc tap\HK221\DA TKLL\DA_TKLL\ProjectTKLL\i2c\i2c.c
                  __tmp_0   0x000010       data     static C:\Hoc tap\HK221\DA TKLL\DA_TKLL\ProjectTKLL\adc\adc.c
                  __tmp_0   0x000010       data     static C:\Hoc tap\HK221\DA TKLL\DA_TKLL\ProjectTKLL\uart\uart.c
                  __tmp_0   0x000010       data     static C:\Hoc tap\HK221\DA TKLL\DA_TKLL\ProjectTKLL\traffic_led\traffic_led.c
                  __tmp_0   0x000010       data     static C:\Hoc tap\HK221\DA TKLL\DA_TKLL\ProjectTKLL\led7seg\led7seg.c
                  ack_bit   0x000198       data     extern C:\Hoc tap\HK221\DA TKLL\DA_TKLL\ProjectTKLL\i2c\i2c.c
                 ack_flag   0x0000fd       data     extern C:\Hoc tap\HK221\DA TKLL\DA_TKLL\ProjectTKLL\i2c\i2c.c
                adc_value   0x000f61       data     extern C:\Hoc tap\HK221\DA TKLL\DA_TKLL\ProjectTKLL\adc\adc.c
      arrayMaskInputOfKey   0x000159       data     extern C:\Hoc tap\HK221\DA TKLL\DA_TKLL\ProjectTKLL\button_matrix\button.c
     arrayMaskOutputOfKey   0x000155       data     extern C:\Hoc tap\HK221\DA TKLL\DA_TKLL\ProjectTKLL\button_matrix\button.c
              buttonDelay   0x00015d       data     extern C:\Hoc tap\HK221\DA TKLL\DA_TKLL\ProjectTKLL\button_matrix\button.c
                 byte_num   0x0000e6       data     extern C:\Hoc tap\HK221\DA TKLL\DA_TKLL\ProjectTKLL\i2c\i2c.c
                     cnt0   0x000194       data     extern C:\Hoc tap\HK221\DA TKLL\DA_TKLL\ProjectTKLL\interrupt\interrupt.c
                     cnt1   0x000196       data     extern C:\Hoc tap\HK221\DA TKLL\DA_TKLL\ProjectTKLL\interrupt\interrupt.c
               cur_status   0x000199       data     extern C:\Hoc tap\HK221\DA TKLL\DA_TKLL\ProjectTKLL\traffic_led\traffic_led.c
                curr_byte   0x00018d       data     static E:\3.46\pic18-lt\cxx-framework\src\traditional\startup\c018i.c
               curr_entry   0x00018f       data     static E:\3.46\pic18-lt\cxx-framework\src\traditional\startup\c018i.c
              current_col   0x000f7d       data     extern C:\Hoc tap\HK221\DA TKLL\DA_TKLL\ProjectTKLL\lcd\lcd.c
              current_row   0x000f7b       data     extern C:\Hoc tap\HK221\DA TKLL\DA_TKLL\ProjectTKLL\lcd\lcd.c
              dataReceive   0x000081       data     extern C:\Hoc tap\HK221\DA TKLL\DA_TKLL\ProjectTKLL\simulate_machine\simulate_machine.c
                 dataSend   0x0000b3       data     extern C:\Hoc tap\HK221\DA TKLL\DA_TKLL\ProjectTKLL\simulate_machine\simulate_machine.c
                 data_ptr   0x000191       data     static E:\3.46\pic18-lt\cxx-framework\src\traditional\startup\c018i.c
               duty_cycle   0x00019a       data     extern C:\Hoc tap\HK221\DA TKLL\DA_TKLL\ProjectTKLL\pwm\pwm.c
flagOfDataReceiveComplete   0x000181       data     extern C:\Hoc tap\HK221\DA TKLL\DA_TKLL\ProjectTKLL\simulate_machine\simulate_machine.c
                flag_read   0x0000e5       data     extern C:\Hoc tap\HK221\DA TKLL\DA_TKLL\ProjectTKLL\i2c\i2c.c
              flag_timer0   0x000166       data     extern C:\Hoc tap\HK221\DA TKLL\DA_TKLL\ProjectTKLL\timer\timer.c
              flag_timer1   0x000167       data     extern C:\Hoc tap\HK221\DA TKLL\DA_TKLL\ProjectTKLL\timer\timer.c
              flag_timer2   0x000168       data     extern C:\Hoc tap\HK221\DA TKLL\DA_TKLL\ProjectTKLL\timer\timer.c
              flag_timer3   0x000169       data     extern C:\Hoc tap\HK221\DA TKLL\DA_TKLL\ProjectTKLL\timer\timer.c
        globalTimeOfGreen   0x00011d       data     extern C:\Hoc tap\HK221\DA TKLL\DA_TKLL\ProjectTKLL\main.c
          globalTimeOfRed   0x00011e       data     extern C:\Hoc tap\HK221\DA TKLL\DA_TKLL\ProjectTKLL\main.c
       globalTimeOfYellow   0x00011f       data     extern C:\Hoc tap\HK221\DA TKLL\DA_TKLL\ProjectTKLL\main.c
                greenFlag   0x000130       data     extern C:\Hoc tap\HK221\DA TKLL\DA_TKLL\ProjectTKLL\main.c
                        i   0x000080       data     extern C:\Hoc tap\HK221\DA TKLL\DA_TKLL\ProjectTKLL\simulate_machine\simulate_machine.c
                 i2c_data   0x0000ff       data     extern C:\Hoc tap\HK221\DA TKLL\DA_TKLL\ProjectTKLL\i2c\i2c.c
       indexOfDataReceive   0x000183       data     extern C:\Hoc tap\HK221\DA TKLL\DA_TKLL\ProjectTKLL\simulate_machine\simulate_machine.c
           indexOfMachine   0x000182       data     extern C:\Hoc tap\HK221\DA TKLL\DA_TKLL\ProjectTKLL\simulate_machine\simulate_machine.c
          indexOfdataSend   0x000184       data     extern C:\Hoc tap\HK221\DA TKLL\DA_TKLL\ProjectTKLL\simulate_machine\simulate_machine.c
                index_add   0x0000e7       data     extern C:\Hoc tap\HK221\DA TKLL\DA_TKLL\ProjectTKLL\i2c\i2c.c
                 key_code   0x000135       data     extern C:\Hoc tap\HK221\DA TKLL\DA_TKLL\ProjectTKLL\button_matrix\button.c
      numberOfDataReceive   0x000185       data     extern C:\Hoc tap\HK221\DA TKLL\DA_TKLL\ProjectTKLL\simulate_machine\simulate_machine.c
         numberOfDataSend   0x000186       data     extern C:\Hoc tap\HK221\DA TKLL\DA_TKLL\ProjectTKLL\simulate_machine\simulate_machine.c
                 prePress   0x00012b       data     extern C:\Hoc tap\HK221\DA TKLL\DA_TKLL\ProjectTKLL\main.c
              preTunState   0x00012a       data     extern C:\Hoc tap\HK221\DA TKLL\DA_TKLL\ProjectTKLL\main.c
                     prom   0x00018a       data     static E:\3.46\pic18-lt\cxx-framework\src\traditional\startup\c018i.c
                read_data   0x0000f3       data     extern C:\Hoc tap\HK221\DA TKLL\DA_TKLL\ProjectTKLL\i2c\i2c.c
             receive_data   0x0000fe       data     extern C:\Hoc tap\HK221\DA TKLL\DA_TKLL\ProjectTKLL\i2c\i2c.c
             receive_flag   0x0000fc       data     extern C:\Hoc tap\HK221\DA TKLL\DA_TKLL\ProjectTKLL\i2c\i2c.c
                  redFlag   0x00012f       data     extern C:\Hoc tap\HK221\DA TKLL\DA_TKLL\ProjectTKLL\main.c
               secCounter   0x000125       data     extern C:\Hoc tap\HK221\DA TKLL\DA_TKLL\ProjectTKLL\main.c
           secMenuCounter   0x000127       data     extern C:\Hoc tap\HK221\DA TKLL\DA_TKLL\ProjectTKLL\main.c
        secTrafficCounter   0x000126       data     extern C:\Hoc tap\HK221\DA TKLL\DA_TKLL\ProjectTKLL\main.c
                    speed   0x000f7f       data     extern C:\Hoc tap\HK221\DA TKLL\DA_TKLL\ProjectTKLL\pwm\pwm.c
                statusLCD   0x000f40       data     extern C:\Hoc tap\HK221\DA TKLL\DA_TKLL\ProjectTKLL\lcd\lcd.c
           statusOfSystem   0x000116       data     extern C:\Hoc tap\HK221\DA TKLL\DA_TKLL\ProjectTKLL\main.c
          statusOfTraffic   0x000117       data     extern C:\Hoc tap\HK221\DA TKLL\DA_TKLL\ProjectTKLL\main.c
             statusOfUart   0x000187       data     extern C:\Hoc tap\HK221\DA TKLL\DA_TKLL\ProjectTKLL\simulate_machine\simulate_machine.c
            statusReceive   0x000180       data     extern C:\Hoc tap\HK221\DA TKLL\DA_TKLL\ProjectTKLL\simulate_machine\simulate_machine.c
             statusSim900   0x00017e       data     extern C:\Hoc tap\HK221\DA TKLL\DA_TKLL\ProjectTKLL\simulate_machine\simulate_machine.c
       tempTrafficCounter   0x000129       data     extern C:\Hoc tap\HK221\DA TKLL\DA_TKLL\ProjectTKLL\main.c
                time0_MUL   0x000176       data     extern C:\Hoc tap\HK221\DA TKLL\DA_TKLL\ProjectTKLL\timer\timer.c
                time1_MUL   0x000178       data     extern C:\Hoc tap\HK221\DA TKLL\DA_TKLL\ProjectTKLL\timer\timer.c
                time2_MUL   0x00017a       data     extern C:\Hoc tap\HK221\DA TKLL\DA_TKLL\ProjectTKLL\timer\timer.c
                time3_MUL   0x00017c       data     extern C:\Hoc tap\HK221\DA TKLL\DA_TKLL\ProjectTKLL\timer\timer.c
       timeChangedataSend   0x000188       data     extern C:\Hoc tap\HK221\DA TKLL\DA_TKLL\ProjectTKLL\simulate_machine\simulate_machine.c
              timeCounter   0x000123       data     extern C:\Hoc tap\HK221\DA TKLL\DA_TKLL\ProjectTKLL\main.c
              timeOf7Seg1   0x00011b       data     extern C:\Hoc tap\HK221\DA TKLL\DA_TKLL\ProjectTKLL\main.c
              timeOf7Seg2   0x00011c       data     extern C:\Hoc tap\HK221\DA TKLL\DA_TKLL\ProjectTKLL\main.c
              timeOfGreen   0x000119       data     extern C:\Hoc tap\HK221\DA TKLL\DA_TKLL\ProjectTKLL\main.c
                timeOfRed   0x000118       data     extern C:\Hoc tap\HK221\DA TKLL\DA_TKLL\ProjectTKLL\main.c
             timeOfYellow   0x00011a       data     extern C:\Hoc tap\HK221\DA TKLL\DA_TKLL\ProjectTKLL\main.c
               timer0_cnt   0x00016e       data     extern C:\Hoc tap\HK221\DA TKLL\DA_TKLL\ProjectTKLL\timer\timer.c
             timer0_value   0x00015e       data     extern C:\Hoc tap\HK221\DA TKLL\DA_TKLL\ProjectTKLL\timer\timer.c
               timer1_cnt   0x000170       data     extern C:\Hoc tap\HK221\DA TKLL\DA_TKLL\ProjectTKLL\timer\timer.c
             timer1_value   0x000160       data     extern C:\Hoc tap\HK221\DA TKLL\DA_TKLL\ProjectTKLL\timer\timer.c
               timer2_cnt   0x000172       data     extern C:\Hoc tap\HK221\DA TKLL\DA_TKLL\ProjectTKLL\timer\timer.c
             timer2_value   0x000162       data     extern C:\Hoc tap\HK221\DA TKLL\DA_TKLL\ProjectTKLL\timer\timer.c
               timer3_cnt   0x000174       data     extern C:\Hoc tap\HK221\DA TKLL\DA_TKLL\ProjectTKLL\timer\timer.c
             timer3_value   0x000164       data     extern C:\Hoc tap\HK221\DA TKLL\DA_TKLL\ProjectTKLL\timer\timer.c
           trafficCounter   0x000124       data     extern C:\Hoc tap\HK221\DA TKLL\DA_TKLL\ProjectTKLL\main.c
              tunPrePress   0x00012e       data     extern C:\Hoc tap\HK221\DA TKLL\DA_TKLL\ProjectTKLL\main.c
    uartGlobalTimeOfGreen   0x000120       data     extern C:\Hoc tap\HK221\DA TKLL\DA_TKLL\ProjectTKLL\main.c
      uartGlobalTimeOfRed   0x000121       data     extern C:\Hoc tap\HK221\DA TKLL\DA_TKLL\ProjectTKLL\main.c
   uartGlobalTimeOfYellow   0x000122       data     extern C:\Hoc tap\HK221\DA TKLL\DA_TKLL\ProjectTKLL\main.c
            uartGreenFlag   0x000133       data     extern C:\Hoc tap\HK221\DA TKLL\DA_TKLL\ProjectTKLL\main.c
             uartPrePress   0x00012c       data     extern C:\Hoc tap\HK221\DA TKLL\DA_TKLL\ProjectTKLL\main.c
            uartPrePress1   0x00012d       data     extern C:\Hoc tap\HK221\DA TKLL\DA_TKLL\ProjectTKLL\main.c
              uartRedFlag   0x000132       data     extern C:\Hoc tap\HK221\DA TKLL\DA_TKLL\ProjectTKLL\main.c
           uartYellowFlag   0x000134       data     extern C:\Hoc tap\HK221\DA TKLL\DA_TKLL\ProjectTKLL\main.c
                   v_cnt0   0x00016a       data     extern C:\Hoc tap\HK221\DA TKLL\DA_TKLL\ProjectTKLL\timer\timer.c
                   v_cnt1   0x00016c       data     extern C:\Hoc tap\HK221\DA TKLL\DA_TKLL\ProjectTKLL\timer\timer.c
              waitCounter   0x000128       data     extern C:\Hoc tap\HK221\DA TKLL\DA_TKLL\ProjectTKLL\main.c
               write_data   0x0000e8       data     extern C:\Hoc tap\HK221\DA TKLL\DA_TKLL\ProjectTKLL\i2c\i2c.c
               yellowFlag   0x000131       data     extern C:\Hoc tap\HK221\DA TKLL\DA_TKLL\ProjectTKLL\main.c



                              Symbols - Sorted by Address
                     Name    Address   Location    Storage File                     
                ---------  ---------  ---------  --------- ---------                
                   _entry   0x000000    program     extern E:\3.46\pic18-lt\cxx-framework\src\traditional\startup\c018i.c
       ___return_lbl00000   0x000004    program     static                          
                   __init   0x000006    program     extern E:\3.46\pic18-lt\cxx-framework\src\traditional\stdclib\__init.c
      InterruptVectorHigh   0x000008    program     extern C:\Hoc tap\HK221\DA TKLL\DA_TKLL\ProjectTKLL\interrupt\interrupt.c
       ___return_lbl00003   0x00000c    program     static                          
       InterruptVectorLow   0x000018    program     extern C:\Hoc tap\HK221\DA TKLL\DA_TKLL\ProjectTKLL\interrupt\interrupt.c
       ___return_lbl00002   0x00001c    program     static                          
                lcd_delay   0x00008c    program     extern C:\Hoc tap\HK221\DA TKLL\DA_TKLL\ProjectTKLL\lcd\lcd.c
                 v_timer0   0x00011c    program     extern C:\Hoc tap\HK221\DA TKLL\DA_TKLL\ProjectTKLL\lcd\lcd.c
          lcd_sendCommand   0x0001ac    program     extern C:\Hoc tap\HK221\DA TKLL\DA_TKLL\ProjectTKLL\lcd\lcd.c
                 lcd_init   0x00022c    program     extern C:\Hoc tap\HK221\DA TKLL\DA_TKLL\ProjectTKLL\lcd\lcd.c
          lcd_read_status   0x00033c    program     extern C:\Hoc tap\HK221\DA TKLL\DA_TKLL\ProjectTKLL\lcd\lcd.c
            lcd_wait_busy   0x0003f2    program     extern C:\Hoc tap\HK221\DA TKLL\DA_TKLL\ProjectTKLL\lcd\lcd.c
          lcd_write_4bits   0x000412    program     extern C:\Hoc tap\HK221\DA TKLL\DA_TKLL\ProjectTKLL\lcd\lcd.c
            lcd_write_cmd   0x000458    program     extern C:\Hoc tap\HK221\DA TKLL\DA_TKLL\ProjectTKLL\lcd\lcd.c
           lcd_write_data   0x000494    program     extern C:\Hoc tap\HK221\DA TKLL\DA_TKLL\ProjectTKLL\lcd\lcd.c
              lcd_putchar   0x0004d2    program     extern C:\Hoc tap\HK221\DA TKLL\DA_TKLL\ProjectTKLL\lcd\lcd.c
           lcd_print_char   0x0004ec    program     extern C:\Hoc tap\HK221\DA TKLL\DA_TKLL\ProjectTKLL\lcd\lcd.c
            lcd_print_str   0x000506    program     extern C:\Hoc tap\HK221\DA TKLL\DA_TKLL\ProjectTKLL\lcd\lcd.c
           lcd_set_cursor   0x000546    program     extern C:\Hoc tap\HK221\DA TKLL\DA_TKLL\ProjectTKLL\lcd\lcd.c
                lcd_clear   0x000580    program     extern C:\Hoc tap\HK221\DA TKLL\DA_TKLL\ProjectTKLL\lcd\lcd.c
             lcd_power_of   0x000594    program     extern C:\Hoc tap\HK221\DA TKLL\DA_TKLL\ProjectTKLL\lcd\lcd.c
            lcd_print_num   0x000676    program     extern C:\Hoc tap\HK221\DA TKLL\DA_TKLL\ProjectTKLL\lcd\lcd.c
              LcdPrintNum   0x0008ac    program     extern C:\Hoc tap\HK221\DA TKLL\DA_TKLL\ProjectTKLL\lcd\lcd.c
           LcdPrintString   0x0008f4    program     extern C:\Hoc tap\HK221\DA TKLL\DA_TKLL\ProjectTKLL\lcd\lcd.c
          lcd_print_charS   0x000928    program     extern C:\Hoc tap\HK221\DA TKLL\DA_TKLL\ProjectTKLL\lcd\lcd.c
                LcdClearS   0x00096e    program     extern C:\Hoc tap\HK221\DA TKLL\DA_TKLL\ProjectTKLL\lcd\lcd.c
         DisplayLcdScreen   0x0009cc    program     extern C:\Hoc tap\HK221\DA TKLL\DA_TKLL\ProjectTKLL\lcd\lcd.c
        DisplayLcdScreen2   0x000ac4    program     extern C:\Hoc tap\HK221\DA TKLL\DA_TKLL\ProjectTKLL\lcd\lcd.c
      DisplayLcdScreenOld   0x000b4a    program     extern C:\Hoc tap\HK221\DA TKLL\DA_TKLL\ProjectTKLL\lcd\lcd.c
            LcdPrintCharS   0x000bb4    program     extern C:\Hoc tap\HK221\DA TKLL\DA_TKLL\ProjectTKLL\lcd\lcd.c
             LcdPrintNumS   0x000c28    program     extern C:\Hoc tap\HK221\DA TKLL\DA_TKLL\ProjectTKLL\lcd\lcd.c
          LcdPrintStringS   0x000e76    program     extern C:\Hoc tap\HK221\DA TKLL\DA_TKLL\ProjectTKLL\lcd\lcd.c
              init_timer0   0x000ecc    program     extern C:\Hoc tap\HK221\DA TKLL\DA_TKLL\ProjectTKLL\timer\timer.c
              stop_timer0   0x000f80    program     extern C:\Hoc tap\HK221\DA TKLL\DA_TKLL\ProjectTKLL\timer\timer.c
             start_timer0   0x000f84    program     extern C:\Hoc tap\HK221\DA TKLL\DA_TKLL\ProjectTKLL\timer\timer.c
              init_timer1   0x001010    program     extern C:\Hoc tap\HK221\DA TKLL\DA_TKLL\ProjectTKLL\timer\timer.c
             start_timer1   0x0010ca    program     extern C:\Hoc tap\HK221\DA TKLL\DA_TKLL\ProjectTKLL\timer\timer.c
              stop_timer1   0x001156    program     extern C:\Hoc tap\HK221\DA TKLL\DA_TKLL\ProjectTKLL\timer\timer.c
              init_timer2   0x00115a    program     extern C:\Hoc tap\HK221\DA TKLL\DA_TKLL\ProjectTKLL\timer\timer.c
             start_timer2   0x001186    program     extern C:\Hoc tap\HK221\DA TKLL\DA_TKLL\ProjectTKLL\timer\timer.c
              stop_timer2   0x00118e    program     extern C:\Hoc tap\HK221\DA TKLL\DA_TKLL\ProjectTKLL\timer\timer.c
              init_timer3   0x001192    program     extern C:\Hoc tap\HK221\DA TKLL\DA_TKLL\ProjectTKLL\timer\timer.c
             start_timer3   0x001248    program     extern C:\Hoc tap\HK221\DA TKLL\DA_TKLL\ProjectTKLL\timer\timer.c
              stop_timer3   0x0012d4    program     extern C:\Hoc tap\HK221\DA TKLL\DA_TKLL\ProjectTKLL\timer\timer.c
               timer0_isr   0x0012d8    program     extern C:\Hoc tap\HK221\DA TKLL\DA_TKLL\ProjectTKLL\timer\timer.c
               timer1_isr   0x0012f4    program     extern C:\Hoc tap\HK221\DA TKLL\DA_TKLL\ProjectTKLL\timer\timer.c
               timer2_isr   0x001310    program     extern C:\Hoc tap\HK221\DA TKLL\DA_TKLL\ProjectTKLL\timer\timer.c
               timer3_isr   0x00132c    program     extern C:\Hoc tap\HK221\DA TKLL\DA_TKLL\ProjectTKLL\timer\timer.c
             SetTimer0_ms   0x001348    program     extern C:\Hoc tap\HK221\DA TKLL\DA_TKLL\ProjectTKLL\timer\timer.c
             SetTimer1_ms   0x00136c    program     extern C:\Hoc tap\HK221\DA TKLL\DA_TKLL\ProjectTKLL\timer\timer.c
             SetTimer2_ms   0x0013aa    program     extern C:\Hoc tap\HK221\DA TKLL\DA_TKLL\ProjectTKLL\timer\timer.c
             SetTimer3_ms   0x0013e8    program     extern C:\Hoc tap\HK221\DA TKLL\DA_TKLL\ProjectTKLL\timer\timer.c
              write_8bit1   0x001426    program     extern C:\Hoc tap\HK221\DA TKLL\DA_TKLL\ProjectTKLL\led7seg\led7seg.c
              write_8bit2   0x001502    program     extern C:\Hoc tap\HK221\DA TKLL\DA_TKLL\ProjectTKLL\led7seg\led7seg.c
             display_led1   0x0015de    program     extern C:\Hoc tap\HK221\DA TKLL\DA_TKLL\ProjectTKLL\led7seg\led7seg.c
             display_led2   0x0016b0    program     extern C:\Hoc tap\HK221\DA TKLL\DA_TKLL\ProjectTKLL\led7seg\led7seg.c
             control_led1   0x001782    program     extern C:\Hoc tap\HK221\DA TKLL\DA_TKLL\ProjectTKLL\led7seg\led7seg.c
             control_led2   0x0017d4    program     extern C:\Hoc tap\HK221\DA TKLL\DA_TKLL\ProjectTKLL\led7seg\led7seg.c
            delay_ms_7seg   0x001826    program     extern C:\Hoc tap\HK221\DA TKLL\DA_TKLL\ProjectTKLL\led7seg\led7seg.c
                init_uart   0x0018ae    program     extern C:\Hoc tap\HK221\DA TKLL\DA_TKLL\ProjectTKLL\uart\uart.c
            uart_delay_ms   0x0018cc    program     extern C:\Hoc tap\HK221\DA TKLL\DA_TKLL\ProjectTKLL\uart\uart.c
             uart_putchar   0x001954    program     extern C:\Hoc tap\HK221\DA TKLL\DA_TKLL\ProjectTKLL\uart\uart.c
            uart_send_str   0x001970    program     extern C:\Hoc tap\HK221\DA TKLL\DA_TKLL\ProjectTKLL\uart\uart.c
           UartSendString   0x0019b0    program     extern C:\Hoc tap\HK221\DA TKLL\DA_TKLL\ProjectTKLL\uart\uart.c
            uart_power_of   0x0019fc    program     extern C:\Hoc tap\HK221\DA TKLL\DA_TKLL\ProjectTKLL\uart\uart.c
              UartSendNum   0x001ade    program     extern C:\Hoc tap\HK221\DA TKLL\DA_TKLL\ProjectTKLL\uart\uart.c
                 uart_isr   0x001d14    program     extern C:\Hoc tap\HK221\DA TKLL\DA_TKLL\ProjectTKLL\uart\uart.c
                     main   0x001d18    program     extern C:\Hoc tap\HK221\DA TKLL\DA_TKLL\ProjectTKLL\main.c
                 delay_ms   0x001d48    program     extern C:\Hoc tap\HK221\DA TKLL\DA_TKLL\ProjectTKLL\main.c
              init_output   0x001dd0    program     extern C:\Hoc tap\HK221\DA TKLL\DA_TKLL\ProjectTKLL\main.c
              init_system   0x001dda    program     extern C:\Hoc tap\HK221\DA TKLL\DA_TKLL\ProjectTKLL\main.c
   UartDataReceiveProcess   0x001e62    program     extern C:\Hoc tap\HK221\DA TKLL\DA_TKLL\ProjectTKLL\main.c
                  BCD2Dec   0x002178    program     extern C:\Hoc tap\HK221\DA TKLL\DA_TKLL\ProjectTKLL\i2c\i2c.c
                  Dec2BCD   0x0021b6    program     extern C:\Hoc tap\HK221\DA TKLL\DA_TKLL\ProjectTKLL\i2c\i2c.c
                 init_i2c   0x00220c    program     extern C:\Hoc tap\HK221\DA TKLL\DA_TKLL\ProjectTKLL\i2c\i2c.c
           ds1307_control   0x002224    program     extern C:\Hoc tap\HK221\DA TKLL\DA_TKLL\ProjectTKLL\i2c\i2c.c
           eeprom_control   0x002242    program     extern C:\Hoc tap\HK221\DA TKLL\DA_TKLL\ProjectTKLL\i2c\i2c.c
                i2c_start   0x002260    program     extern C:\Hoc tap\HK221\DA TKLL\DA_TKLL\ProjectTKLL\i2c\i2c.c
                 i2c_stop   0x00226a    program     extern C:\Hoc tap\HK221\DA TKLL\DA_TKLL\ProjectTKLL\i2c\i2c.c
                i2c_write   0x002274    program     extern C:\Hoc tap\HK221\DA TKLL\DA_TKLL\ProjectTKLL\i2c\i2c.c
                 i2c_read   0x002290    program     extern C:\Hoc tap\HK221\DA TKLL\DA_TKLL\ProjectTKLL\i2c\i2c.c
                  i2c_ack   0x00229c    program     extern C:\Hoc tap\HK221\DA TKLL\DA_TKLL\ProjectTKLL\i2c\i2c.c
                  i2c_nak   0x0022a8    program     extern C:\Hoc tap\HK221\DA TKLL\DA_TKLL\ProjectTKLL\i2c\i2c.c
             write_ds1307   0x0022b4    program     extern C:\Hoc tap\HK221\DA TKLL\DA_TKLL\ProjectTKLL\i2c\i2c.c
             write_eeprom   0x00231e    program     extern C:\Hoc tap\HK221\DA TKLL\DA_TKLL\ProjectTKLL\i2c\i2c.c
              read_ds1307   0x0023ac    program     extern C:\Hoc tap\HK221\DA TKLL\DA_TKLL\ProjectTKLL\i2c\i2c.c
              read_eeprom   0x002422    program     extern C:\Hoc tap\HK221\DA TKLL\DA_TKLL\ProjectTKLL\i2c\i2c.c
          init_key_matrix   0x0024b8    program     extern C:\Hoc tap\HK221\DA TKLL\DA_TKLL\ProjectTKLL\button_matrix\button.c
init_key_matrix_with_uart   0x0024c0    program     extern C:\Hoc tap\HK221\DA TKLL\DA_TKLL\ProjectTKLL\button_matrix\button.c
scan_key_matrix_with_uart   0x0024ca    program     extern C:\Hoc tap\HK221\DA TKLL\DA_TKLL\ProjectTKLL\button_matrix\button.c
            isButtonEnter   0x002628    program     extern C:\Hoc tap\HK221\DA TKLL\DA_TKLL\ProjectTKLL\button_matrix\button.c
          isButtonESCHold   0x002662    program     extern C:\Hoc tap\HK221\DA TKLL\DA_TKLL\ProjectTKLL\button_matrix\button.c
            isConformHold   0x002672    program     extern C:\Hoc tap\HK221\DA TKLL\DA_TKLL\ProjectTKLL\button_matrix\button.c
         isButtonIncrease   0x002682    program     extern C:\Hoc tap\HK221\DA TKLL\DA_TKLL\ProjectTKLL\button_matrix\button.c
         isButtonDecrease   0x0026c6    program     extern C:\Hoc tap\HK221\DA TKLL\DA_TKLL\ProjectTKLL\button_matrix\button.c
[...]
                     DDRB   0x000f93       data     extern E:\3.46\pic18-lt\cxx-framework\src\traditional\proc\p18f4620.asm
                 DDRBbits   0x000f93       data     extern E:\3.46\pic18-lt\cxx-framework\src\traditional\proc\p18f4620.asm
                TRISBbits   0x000f93       data     extern E:\3.46\pic18-lt\cxx-framework\src\traditional\proc\p18f4620.asm
                 DDRCbits   0x000f94       data     extern E:\3.46\pic18-lt\cxx-framework\src\traditional\proc\p18f4620.asm
                     DDRC   0x000f94       data     extern E:\3.46\pic18-lt\cxx-framework\src\traditional\proc\p18f4620.asm
                    TRISC   0x000f94       data     extern E:\3.46\pic18-lt\cxx-framework\src\traditional\proc\p18f4620.asm
                TRISCbits   0x000f94       data     extern E:\3.46\pic18-lt\cxx-framework\src\traditional\proc\p18f4620.asm
                     DDRD   0x000f95       data     extern E:\3.46\pic18-lt\cxx-framework\src\traditional\proc\p18f4620.asm
                 DDRDbits   0x000f95       data     extern E:\3.46\pic18-lt\cxx-framework\src\traditional\proc\p18f4620.asm
                    TRISD   0x000f95       data     extern E:\3.46\pic18-lt\cxx-framework\src\traditional\proc\p18f4620.asm
                TRISDbits   0x000f95       data     extern E:\3.46\pic18-lt\cxx-framework\src\traditional\proc\p18f4620.asm
                    TRISE   0x000f96       data     extern E:\3.46\pic18-lt\cxx-framework\src\traditional\proc\p18f4620.asm
                TRISEbits   0x000f96       data     extern E:\3.46\pic18-lt\cxx-framework\src\traditional\proc\p18f4620.asm
                 DDREbits   0x000f96       data     extern E:\3.46\pic18-lt\cxx-framework\src\traditional\proc\p18f4620.asm
                     DDRE   0x000f96       data     extern E:\3.46\pic18-lt\cxx-framework\src\traditional\proc\p18f4620.asm
              OSCTUNEbits   0x000f9b       data     extern E:\3.46\pic18-lt\cxx-framework\src\traditional\proc\p18f4620.asm
                  OSCTUNE   0x000f9b       data     extern E:\3.46\pic18-lt\cxx-framework\src\traditional\proc\p18f4620.asm
                 PIE1bits   0x000f9d       data     extern E:\3.46\pic18-lt\cxx-framework\src\traditional\proc\p18f4620.asm
                     PIE1   0x000f9d       data     extern E:\3.46\pic18-lt\cxx-framework\src\traditional\proc\p18f4620.asm
                 PIR1bits   0x000f9e       data     extern E:\3.46\pic18-lt\cxx-framework\src\traditional\proc\p18f4620.asm
                     PIR1   0x000f9e       data     extern E:\3.46\pic18-lt\cxx-framework\src\traditional\proc\p18f4620.asm
                     IPR1   0x000f9f       data     extern E:\3.46\pic18-lt\cxx-framework\src\traditional\proc\p18f4620.asm
                 IPR1bits   0x000f9f       data     extern E:\3.46\pic18-lt\cxx-framework\src\traditional\proc\p18f4620.asm
                     PIE2   0x000fa0       data     extern E:\3.46\pic18-lt\cxx-framework\src\traditional\proc\p18f4620.asm
                 PIE2bits   0x000fa0       data     extern E:\3.46\pic18-lt\cxx-framework\src\traditional\proc\p18f4620.asm
                 PIR2bits   0x000fa1       data     extern E:\3.46\pic18-lt\cxx-framework\src\traditional\proc\p18f4620.asm
                     PIR2   0x000fa1       data     extern E:\3.46\pic18-lt\cxx-framework\src\traditional\proc\p18f4620.asm
                     IPR2   0x000fa2       data     extern E:\3.46\pic18-lt\cxx-framework\src\traditional\proc\p18f4620.asm
                 IPR2bits   0x000fa2       data     extern E:\3.46\pic18-lt\cxx-framework\src\traditional\proc\p18f4620.asm
                   EECON1   0x000fa6       data     extern E:\3.46\pic18-lt\cxx-framework\src\traditional\proc\p18f4620.asm
               EECON1bits   0x000fa6       data     extern E:\3.46\pic18-lt\cxx-framework\src\traditional\proc\p18f4620.asm
                   EECON2   0x000fa7       data     extern E:\3.46\pic18-lt\cxx-framework\src\traditional\proc\p18f4620.asm
                   EEDATA   0x000fa8       data     extern E:\3.46\pic18-lt\cxx-framework\src\traditional\proc\p18f4620.asm
                    EEADR   0x000fa9       data     extern E:\3.46\pic18-lt\cxx-framework\src\traditional\proc\p18f4620.asm
                   EEADRH   0x000faa       data     extern E:\3.46\pic18-lt\cxx-framework\src\traditional\proc\p18f4620.asm
                    RCSTA   0x000fab       data     extern E:\3.46\pic18-lt\cxx-framework\src\traditional\proc\p18f4620.asm
                RCSTAbits   0x000fab       data     extern E:\3.46\pic18-lt\cxx-framework\src\traditional\proc\p18f4620.asm
                    TXSTA   0x000fac       data     extern E:\3.46\pic18-lt\cxx-framework\src\traditional\proc\p18f4620.asm
                TXSTAbits   0x000fac       data     extern E:\3.46\pic18-lt\cxx-framework\src\traditional\proc\p18f4620.asm
                    TXREG   0x000fad       data     extern E:\3.46\pic18-lt\cxx-framework\src\traditional\proc\p18f4620.asm
                    RCREG   0x000fae       data     extern E:\3.46\pic18-lt\cxx-framework\src\traditional\proc\p18f4620.asm
                    SPBRG   0x000faf       data     extern E:\3.46\pic18-lt\cxx-framework\src\traditional\proc\p18f4620.asm
                   SPBRGH   0x000fb0       data     extern E:\3.46\pic18-lt\cxx-framework\src\traditional\proc\p18f4620.asm
                    T3CON   0x000fb1       data     extern E:\3.46\pic18-lt\cxx-framework\src\traditional\proc\p18f4620.asm
                T3CONbits   0x000fb1       data     extern E:\3.46\pic18-lt\cxx-framework\src\traditional\proc\p18f4620.asm
                    TMR3L   0x000fb2       data     extern E:\3.46\pic18-lt\cxx-framework\src\traditional\proc\p18f4620.asm
                    TMR3H   0x000fb3       data     extern E:\3.46\pic18-lt\cxx-framework\src\traditional\proc\p18f4620.asm
                CMCONbits   0x000fb4       data     extern E:\3.46\pic18-lt\cxx-framework\src\traditional\proc\p18f4620.asm
                    CMCON   0x000fb4       data     extern E:\3.46\pic18-lt\cxx-framework\src\traditional\proc\p18f4620.asm
               CVRCONbits   0x000fb5       data     extern E:\3.46\pic18-lt\cxx-framework\src\traditional\proc\p18f4620.asm
                   CVRCON   0x000fb5       data     extern E:\3.46\pic18-lt\cxx-framework\src\traditional\proc\p18f4620.asm
              ECCP1ASbits   0x000fb6       data     extern E:\3.46\pic18-lt\cxx-framework\src\traditional\proc\p18f4620.asm
                  ECCP1AS   0x000fb6       data     extern E:\3.46\pic18-lt\cxx-framework\src\traditional\proc\p18f4620.asm
              PWM1CONbits   0x000fb7       data     extern E:\3.46\pic18-lt\cxx-framework\src\traditional\proc\p18f4620.asm
                  PWM1CON   0x000fb7       data     extern E:\3.46\pic18-lt\cxx-framework\src\traditional\proc\p18f4620.asm
              BAUDCTLbits   0x000fb8       data     extern E:\3.46\pic18-lt\cxx-framework\src\traditional\proc\p18f4620.asm
                  BAUDCTL   0x000fb8       data     extern E:\3.46\pic18-lt\cxx-framework\src\traditional\proc\p18f4620.asm
              BAUDCONbits   0x000fb8       data     extern E:\3.46\pic18-lt\cxx-framework\src\traditional\proc\p18f4620.asm
                  BAUDCON   0x000fb8       data     extern E:\3.46\pic18-lt\cxx-framework\src\traditional\proc\p18f4620.asm
              CCP2CONbits   0x000fba       data     extern E:\3.46\pic18-lt\cxx-framework\src\traditional\proc\p18f4620.asm
                  CCP2CON   0x000fba       data     extern E:\3.46\pic18-lt\cxx-framework\src\traditional\proc\p18f4620.asm
                    CCPR2   0x000fbb       data     extern E:\3.46\pic18-lt\cxx-framework\src\traditional\proc\p18f4620.asm
                   CCPR2L   0x000fbb       data     extern E:\3.46\pic18-lt\cxx-framework\src\traditional\proc\p18f4620.asm
                   CCPR2H   0x000fbc       data     extern E:\3.46\pic18-lt\cxx-framework\src\traditional\proc\p18f4620.asm
              CCP1CONbits   0x000fbd       data     extern E:\3.46\pic18-lt\cxx-framework\src\traditional\proc\p18f4620.asm
                  CCP1CON   0x000fbd       data     extern E:\3.46\pic18-lt\cxx-framework\src\traditional\proc\p18f4620.asm
                    CCPR1   0x000fbe       data     extern E:\3.46\pic18-lt\cxx-framework\src\traditional\proc\p18f4620.asm
                   CCPR1L   0x000fbe       data     extern E:\3.46\pic18-lt\cxx-framework\src\traditional\proc\p18f4620.asm
                   CCPR1H   0x000fbf       data     extern E:\3.46\pic18-lt\cxx-framework\src\traditional\proc\p18f4620.asm
               ADCON2bits   0x000fc0       data     extern E:\3.46\pic18-lt\cxx-framework\src\traditional\proc\p18f4620.asm
                   ADCON2   0x000fc0       data     extern E:\3.46\pic18-lt\cxx-framework\src\traditional\proc\p18f4620.asm
               ADCON1bits   0x000fc1       data     extern E:\3.46\pic18-lt\cxx-framework\src\traditional\proc\p18f4620.asm
                   ADCON1   0x000fc1       data     extern E:\3.46\pic18-lt\cxx-framework\src\traditional\proc\p18f4620.asm
               ADCON0bits   0x000fc2       data     extern E:\3.46\pic18-lt\cxx-framework\src\traditional\proc\p18f4620.asm
                   ADCON0   0x000fc2       data     extern E:\3.46\pic18-lt\cxx-framework\src\traditional\proc\p18f4620.asm
                    ADRES   0x000fc3       data     extern E:\3.46\pic18-lt\cxx-framework\src\traditional\proc\p18f4620.asm
                   ADRESL   0x000fc3       data     extern E:\3.46\pic18-lt\cxx-framework\src\traditional\proc\p18f4620.asm
                   ADRESH   0x000fc4       data     extern E:\3.46\pic18-lt\cxx-framework\src\traditional\proc\p18f4620.asm
              SSPCON2bits   0x000fc5       data     extern E:\3.46\pic18-lt\cxx-framework\src\traditional\proc\p18f4620.asm
                  SSPCON2   0x000fc5       data     extern E:\3.46\pic18-lt\cxx-framework\src\traditional\proc\p18f4620.asm
              SSPCON1bits   0x000fc6       data     extern E:\3.46\pic18-lt\cxx-framework\src\traditional\proc\p18f4620.asm
                  SSPCON1   0x000fc6       data     extern E:\3.46\pic18-lt\cxx-framework\src\traditional\proc\p18f4620.asm
              SSPSTATbits   0x000fc7       data     extern E:\3.46\pic18-lt\cxx-framework\src\traditional\proc\p18f4620.asm
                  SSPSTAT   0x000fc7       data     extern E:\3.46\pic18-lt\cxx-framework\src\traditional\proc\p18f4620.asm
                   SSPADD   0x000fc8       data     extern E:\3.46\pic18-lt\cxx-framework\src\traditional\proc\p18f4620.asm
                   SSPBUF   0x000fc9       data     extern E:\3.46\pic18-lt\cxx-framework\src\traditional\proc\p18f4620.asm
                    T2CON   0x000fca       data     extern E:\3.46\pic18-lt\cxx-framework\src\traditional\proc\p18f4620.asm
                T2CONbits   0x000fca       data     extern E:\3.46\pic18-lt\cxx-framework\src\traditional\proc\p18f4620.asm
                      PR2   0x000fcb       data     extern E:\3.46\pic18-lt\cxx-framework\src\traditional\proc\p18f4620.asm
                     TMR2   0x000fcc       data     extern E:\3.46\pic18-lt\cxx-framework\src\traditional\proc\p18f4620.asm
                T1CONbits   0x000fcd       data     extern E:\3.46\pic18-lt\cxx-framework\src\traditional\proc\p18f4620.asm
                    T1CON   0x000fcd       data     extern E:\3.46\pic18-lt\cxx-framework\src\traditional\proc\p18f4620.asm
                    TMR1L   0x000fce       data     extern E:\3.46\pic18-lt\cxx-framework\src\traditional\proc\p18f4620.asm
                    TMR1H   0x000fcf       data     extern E:\3.46\pic18-lt\cxx-framework\src\traditional\proc\p18f4620.asm
                     RCON   0x000fd0       data     extern E:\3.46\pic18-lt\cxx-framework\src\traditional\proc\p18f4620.asm
                 RCONbits   0x000fd0       data     extern E:\3.46\pic18-lt\cxx-framework\src\traditional\proc\p18f4620.asm
               WDTCONbits   0x000fd1       data     extern E:\3.46\pic18-lt\cxx-framework\src\traditional\proc\p18f4620.asm
                   WDTCON   0x000fd1       data     extern E:\3.46\pic18-lt\cxx-framework\src\traditional\proc\p18f4620.asm
                  HLVDCON   0x000fd2       data     extern E:\3.46\pic18-lt\cxx-framework\src\traditional\proc\p18f4620.asm
              HLVDCONbits   0x000fd2       data     extern E:\3.46\pic18-lt\cxx-framework\src\traditional\proc\p18f4620.asm
                   LVDCON   0x000fd2       data     extern E:\3.46\pic18-lt\cxx-framework\src\traditional\proc\p18f4620.asm
               LVDCONbits   0x000fd2       data     extern E:\3.46\pic18-lt\cxx-framework\src\traditional\proc\p18f4620.asm
                   OSCCON   0x000fd3       data     extern E:\3.46\pic18-lt\cxx-framework\src\traditional\proc\p18f4620.asm
               OSCCONbits   0x000fd3       data     extern E:\3.46\pic18-lt\cxx-framework\src\traditional\proc\p18f4620.asm
                    T0CON   0x000fd5       data     extern E:\3.46\pic18-lt\cxx-framework\src\traditional\proc\p18f4620.asm
                T0CONbits   0x000fd5       data     extern E:\3.46\pic18-lt\cxx-framework\src\traditional\proc\p18f4620.asm
                    TMR0L   0x000fd6       data     extern E:\3.46\pic18-lt\cxx-framework\src\traditional\proc\p18f4620.asm
                    TMR0H   0x000fd7       data     extern E:\3.46\pic18-lt\cxx-framework\src\traditional\proc\p18f4620.asm
               STATUSbits   0x000fd8       data     extern E:\3.46\pic18-lt\cxx-framework\src\traditional\proc\p18f4620.asm
                   STATUS   0x000fd8       data     extern E:\3.46\pic18-lt\cxx-framework\src\traditional\proc\p18f4620.asm
                     FSR2   0x000fd9       data     extern E:\3.46\pic18-lt\cxx-framework\src\traditional\proc\p18f4620.asm
                    FSR2L   0x000fd9       data     extern E:\3.46\pic18-lt\cxx-framework\src\traditional\proc\p18f4620.asm
                    FSR2H   0x000fda       data     extern E:\3.46\pic18-lt\cxx-framework\src\traditional\proc\p18f4620.asm
                   PLUSW2   0x000fdb       data     extern E:\3.46\pic18-lt\cxx-framework\src\traditional\proc\p18f4620.asm
                  PREINC2   0x000fdc       data     extern E:\3.46\pic18-lt\cxx-framework\src\traditional\proc\p18f4620.asm
                 POSTDEC2   0x000fdd       data     extern E:\3.46\pic18-lt\cxx-framework\src\traditional\proc\p18f4620.asm
                 POSTINC2   0x000fde       data     extern E:\3.46\pic18-lt\cxx-framework\src\traditional\proc\p18f4620.asm
                    INDF2   0x000fdf       data     extern E:\3.46\pic18-lt\cxx-framework\src\traditional\proc\p18f4620.asm
                      BSR   0x000fe0       data     extern E:\3.46\pic18-lt\cxx-framework\src\traditional\proc\p18f4620.asm
                     FSR1   0x000fe1       data     extern E:\3.46\pic18-lt\cxx-framework\src\traditional\proc\p18f4620.asm
                    FSR1L   0x000fe1       data     extern E:\3.46\pic18-lt\cxx-framework\src\traditional\proc\p18f4620.asm
                    FSR1H   0x000fe2       data     extern E:\3.46\pic18-lt\cxx-framework\src\traditional\proc\p18f4620.asm
                   PLUSW1   0x000fe3       data     extern E:\3.46\pic18-lt\cxx-framework\src\traditional\proc\p18f4620.asm
                  PREINC1   0x000fe4       data     extern E:\3.46\pic18-lt\cxx-framework\src\traditional\proc\p18f4620.asm
                 POSTDEC1   0x000fe5       data     extern E:\3.46\pic18-lt\cxx-framework\src\traditional\proc\p18f4620.asm
                 POSTINC1   0x000fe6       data     extern E:\3.46\pic18-lt\cxx-framework\src\traditional\proc\p18f4620.asm
                    INDF1   0x000fe7       data     extern E:\3.46\pic18-lt\cxx-framework\src\traditional\proc\p18f4620.asm
                     WREG   0x000fe8       data     extern E:\3.46\pic18-lt\cxx-framework\src\traditional\proc\p18f4620.asm
                        W   0x000fe8       data     extern E:\3.46\pic18-lt\cxx-framework\src\traditional\proc\p18f4620.asm
                    FSR0L   0x000fe9       data     extern E:\3.46\pic18-lt\cxx-framework\src\traditional\proc\p18f4620.asm
                     FSR0   0x000fe9       data     extern E:\3.46\pic18-lt\cxx-framework\src\traditional\proc\p18f4620.asm
                    FSR0H   0x000fea       data     extern E:\3.46\pic18-lt\cxx-framework\src\traditional\proc\p18f4620.asm
                   PLUSW0   0x000feb       data     extern E:\3.46\pic18-lt\cxx-framework\src\traditional\proc\p18f4620.asm
                  PREINC0   0x000fec       data     extern E:\3.46\pic18-lt\cxx-framework\src\traditional\proc\p18f4620.asm
                 POSTDEC0   0x000fed       data     extern E:\3.46\pic18-lt\cxx-framework\src\traditional\proc\p18f4620.asm
                 POSTINC0   0x000fee       data     extern E:\3.46\pic18-lt\cxx-framework\src\traditional\proc\p18f4620.asm
                    INDF0   0x000fef       data     extern E:\3.46\pic18-lt\cxx-framework\src\traditional\proc\p18f4620.asm
                  INTCON3   0x000ff0       data     extern E:\3.46\pic18-lt\cxx-framework\src\traditional\proc\p18f4620.asm
              INTCON3bits   0x000ff0       data     extern E:\3.46\pic18-lt\cxx-framework\src\traditional\proc\p18f4620.asm
              INTCON2bits   0x000ff1       data     extern E:\3.46\pic18-lt\cxx-framework\src\traditional\proc\p18f4620.asm
                  INTCON2   0x000ff1       data     extern E:\3.46\pic18-lt\cxx-framework\src\traditional\proc\p18f4620.asm
                   INTCON   0x000ff2       data     extern E:\3.46\pic18-lt\cxx-framework\src\traditional\proc\p18f4620.asm
               INTCONbits   0x000ff2       data     extern E:\3.46\pic18-lt\cxx-framework\src\traditional\proc\p18f4620.asm
                     PROD   0x000ff3       data     extern E:\3.46\pic18-lt\cxx-framework\src\traditional\proc\p18f4620.asm
                    PRODL   0x000ff3       data     extern E:\3.46\pic18-lt\cxx-framework\src\traditional\proc\p18f4620.asm
                    PRODH   0x000ff4       data     extern E:\3.46\pic18-lt\cxx-framework\src\traditional\proc\p18f4620.asm
                   TABLAT   0x000ff5       data     extern E:\3.46\pic18-lt\cxx-framework\src\traditional\proc\p18f4620.asm
                  TBLPTRL   0x000ff6       data     extern E:\3.46\pic18-lt\cxx-framework\src\traditional\proc\p18f4620.asm
                   TBLPTR   0x000ff6       data     extern E:\3.46\pic18-lt\cxx-framework\src\traditional\proc\p18f4620.asm
                  TBLPTRH   0x000ff7       data     extern E:\3.46\pic18-lt\cxx-framework\src\traditional\proc\p18f4620.asm
                  TBLPTRU   0x000ff8       data     extern E:\3.46\pic18-lt\cxx-framework\src\traditional\proc\p18f4620.asm
                      PCL   0x000ff9       data     extern E:\3.46\pic18-lt\cxx-framework\src\traditional\proc\p18f4620.asm
                       PC   0x000ff9       data     extern E:\3.46\pic18-lt\cxx-framework\src\traditional\proc\p18f4620.asm
                   PCLATH   0x000ffa       data     extern E:\3.46\pic18-lt\cxx-framework\src\traditional\proc\p18f4620.asm
                   PCLATU   0x000ffb       data     extern E:\3.46\pic18-lt\cxx-framework\src\traditional\proc\p18f4620.asm
               STKPTRbits   0x000ffc       data     extern E:\3.46\pic18-lt\cxx-framework\src\traditional\proc\p18f4620.asm
                   STKPTR   0x000ffc       data     extern E:\3.46\pic18-lt\cxx-framework\src\traditional\proc\p18f4620.asm
                      TOS   0x000ffd       data     extern E:\3.46\pic18-lt\cxx-framework\src\traditional\proc\p18f4620.asm
                     TOSL   0x000ffd       data     extern E:\3.46\pic18-lt\cxx-framework\src\traditional\proc\p18f4620.asm
                     TOSH   0x000ffe       data     extern E:\3.46\pic18-lt\cxx-framework\src\traditional\proc\p18f4620.asm
                     TOSU   0x000fff       data     extern E:\3.46\pic18-lt\cxx-framework\src\traditional\proc\p18f4620.asm


